11-04 08:37:23.044 23642 23642 D VRI[MainActivity]: handleWindowFocusChanged mWindowFocusChanged false mUpcomingWindowFocus true mAdded true
11-04 08:37:23.053 23642 23642 D VRI[MainActivity]: handleWindowFocusChanged mWindowFocusChanged false mUpcomingWindowFocus true mAdded true
11-04 08:37:23.061 23642 23642 D VRI[MainActivity]: handleWindowFocusChanged mWindowFocusChanged false mUpcomingWindowFocus true mAdded true
11-04 08:37:23.069 23642 23642 D VRI[MainActivity]: handleWindowFocusChanged mWindowFocusChanged false mUpcomingWindowFocus true mAdded true
11-04 08:37:23.077 23642 23642 D VRI[MainActivity]: handleWindowFocusChanged mWindowFocusChanged false mUpcomingWindowFocus true mAdded true
11-04 08:37:23.086 23642 23642 D VRI[MainActivity]: handleWindowFocusChanged mWindowFocusChanged false mUpcomingWindowFocus true mAdded true
11-04 08:37:23.094 23642 23642 D VRI[MainActivity]: handleWindowFocusChanged mWindowFocusChanged false mUpcomingWindowFocus true mAdded true
11-04 08:37:23.102 23642 23642 D VRI[MainActivity]: handleWindowFocusChanged mWindowFocusChanged false mUpcomingWindowFocus true mAdded true
11-04 08:37:23.111 23642 23642 D VRI[MainActivity]: handleWindowFocusChanged mWindowFocusChanged false mUpcomingWindowFocus true mAdded true
11-04 08:37:23.119 23642 23642 D VRI[MainActivity]: handleWindowFocusChanged mWindowFocusChanged false mUpcomingWindowFocus true mAdded true
11-04 08:37:23.127 23642 23642 D VRI[MainActivity]: handleWindowFocusChanged mWindowFocusChanged false mUpcomingWindowFocus true mAdded true
11-04 08:37:23.136 23642 23642 D VRI[MainActivity]: handleWindowFocusChanged mWindowFocusChanged false mUpcomingWindowFocus true mAdded true
11-04 08:37:23.144 23642 23642 D VRI[MainActivity]: handleWindowFocusChanged mWindowFocusChanged false mUpcomingWindowFocus true mAdded true
11-04 08:37:23.153 23642 23642 D VRI[MainActivity]: handleWindowFocusChanged mWindowFocusChanged false mUpcomingWindowFocus true mAdded true
11-04 08:37:23.161 23642 23642 D VRI[MainActivity]: handleWindowFocusChanged mWindowFocusChanged false mUpcomingWindowFocus true mAdded true
11-04 08:37:23.169 23642 23642 D VRI[MainActivity]: handleWindowFocusChanged mWindowFocusChanged false mUpcomingWindowFocus true mAdded true
11-04 08:37:23.178 23642 23642 D VRI[MainActivity]: handleWindowFocusChanged mWindowFocusChanged false mUpcomingWindowFocus true mAdded true
11-04 08:37:23.186 23642 23642 D VRI[MainActivity]: handleWindowFocusChanged mWindowFocusChanged false mUpcomingWindowFocus true mAdded true
11-04 08:37:23.194 23642 23642 D VRI[MainActivity]: handleWindowFocusChanged mWindowFocusChanged false mUpcomingWindowFocus true mAdded true
11-04 08:37:23.203 23642 23642 D VRI[MainActivity]: handleWindowFocusChanged mWindowFocusChanged false mUpcomingWindowFocus true mAdded true
11-04 08:37:23.211 23642 23642 D VRI[MainActivity]: handleWindowFocusChanged mWindowFocusChanged false mUpcomingWindowFocus true mAdded true
11-04 08:37:23.219 23642 23642 D VRI[MainActivity]: handleWindowFocusChanged mWindowFocusChanged false mUpcomingWindowFocus true mAdded true
11-04 08:37:23.228 23642 23642 D VRI[MainActivity]: handleWindowFocusChanged mWindowFocusChanged false mUpcomingWindowFocus true mAdded true
11-04 08:37:23.236 23642 23642 D VRI[MainActivity]: handleWindowFocusChanged mWindowFocusChanged false mUpcomingWindowFocus true mAdded true
11-04 08:37:23.244 23642 23642 D VRI[MainActivity]: handleWindowFocusChanged mWindowFocusChanged false mUpcomingWindowFocus true mAdded true
11-04 08:37:23.253 23642 23642 D VRI[MainActivity]: handleWindowFocusChanged mWindowFocusChanged false mUpcomingWindowFocus true mAdded true
11-04 08:37:23.261 23642 23642 D VRI[MainActivity]: handleWindowFocusChanged mWindowFocusChanged false mUpcomingWindowFocus true mAdded true
11-04 08:37:23.269 23642 23642 D VRI[MainActivity]: handleWindowFocusChanged mWindowFocusChanged false mUpcomingWindowFocus true mAdded true
11-04 08:37:23.278 23642 23642 D VRI[MainActivity]: handleWindowFocusChanged mWindowFocusChanged false mUpcomingWindowFocus true mAdded true
11-04 08:37:23.286 23642 23642 D VRI[MainActivity]: handleWindowFocusChanged mWindowFocusChanged false mUpcomingWindowFocus true mAdded true
11-04 08:37:23.295 23642 23642 D VRI[MainActivity]: handleWindowFocusChanged mWindowFocusChanged false mUpcomingWindowFocus true mAdded true
11-04 08:37:23.303 23642 23642 D VRI[MainActivity]: handleWindowFocusChanged mWindowFocusChanged false mUpcomingWindowFocus true mAdded true
11-04 08:37:23.311 23642 23642 D VRI[MainActivity]: handleWindowFocusChanged mWindowFocusChanged false mUpcomingWindowFocus true mAdded true
11-04 08:37:23.319 23642 23642 D VRI[MainActivity]: handleWindowFocusChanged mWindowFocusChanged false mUpcomingWindowFocus true mAdded true
11-04 08:37:23.328 23642 23642 D VRI[MainActivity]: handleWindowFocusChanged mWindowFocusChanged false mUpcomingWindowFocus true mAdded true
11-04 08:37:23.336 23642 23642 D VRI[MainActivity]: handleWindowFocusChanged mWindowFocusChanged false mUpcomingWindowFocus true mAdded true
11-04 08:37:23.345 23642 23642 D VRI[MainActivity]: handleWindowFocusChanged mWindowFocusChanged false mUpcomingWindowFocus true mAdded true
11-04 08:37:23.353 23642 23642 D VRI[MainActivity]: handleWindowFocusChanged mWindowFocusChanged false mUpcomingWindowFocus true mAdded true
11-04 08:37:23.361 23642 23642 D VRI[MainActivity]: handleWindowFocusChanged mWindowFocusChanged false mUpcomingWindowFocus true mAdded true
11-04 08:37:23.369 23642 23642 D VRI[MainActivity]: handleWindowFocusChanged mWindowFocusChanged false mUpcomingWindowFocus true mAdded true
11-04 08:37:23.378 23642 23642 D VRI[MainActivity]: handleWindowFocusChanged mWindowFocusChanged false mUpcomingWindowFocus true mAdded true
11-04 08:37:23.386 23642 23642 D VRI[MainActivity]: handleWindowFocusChanged mWindowFocusChanged false mUpcomingWindowFocus true mAdded true
11-04 08:37:23.394 23642 23642 D VRI[MainActivity]: handleWindowFocusChanged mWindowFocusChanged false mUpcomingWindowFocus true mAdded true
11-04 08:37:23.403 23642 23642 D VRI[MainActivity]: handleWindowFocusChanged mWindowFocusChanged false mUpcomingWindowFocus true mAdded true
11-04 08:37:23.411 23642 23642 D VRI[MainActivity]: handleWindowFocusChanged mWindowFocusChanged false mUpcomingWindowFocus true mAdded true
11-04 08:37:23.419 23642 23642 D VRI[MainActivity]: handleWindowFocusChanged mWindowFocusChanged false mUpcomingWindowFocus true mAdded true
11-04 08:37:23.428 23642 23642 D VRI[MainActivity]: handleWindowFocusChanged mWindowFocusChanged false mUpcomingWindowFocus true mAdded true
11-04 08:37:23.436 23642 23642 D VRI[MainActivity]: handleWindowFocusChanged mWindowFocusChanged false mUpcomingWindowFocus true mAdded true
11-04 08:37:23.445 23642 23642 D VRI[MainActivity]: handleWindowFocusChanged mWindowFocusChanged false mUpcomingWindowFocus true mAdded true
11-04 08:37:23.453 23642 23642 D VRI[MainActivity]: handleWindowFocusChanged mWindowFocusChanged false mUpcomingWindowFocus true mAdded true
11-04 08:37:23.461 23642 23642 D VRI[MainActivity]: handleWindowFocusChanged mWindowFocusChanged false mUpcomingWindowFocus true mAdded true
11-04 08:37:23.469 23642 23642 D VRI[MainActivity]: handleWindowFocusChanged mWindowFocusChanged false mUpcomingWindowFocus true mAdded true
11-04 08:37:23.478 23642 23642 D VRI[MainActivity]: handleWindowFocusChanged mWindowFocusChanged false mUpcomingWindowFocus true mAdded true
11-04 08:37:23.486 23642 23642 D VRI[MainActivity]: handleWindowFocusChanged mWindowFocusChanged false mUpcomingWindowFocus true mAdded true
11-04 08:37:23.494 23642 23642 D VRI[MainActivity]: handleWindowFocusChanged mWindowFocusChanged false mUpcomingWindowFocus true mAdded true
11-04 08:37:23.503 23642 23642 D VRI[MainActivity]: handleWindowFocusChanged mWindowFocusChanged false mUpcomingWindowFocus true mAdded true
11-04 08:37:23.511 23642 23642 D VRI[MainActivity]: handleWindowFocusChanged mWindowFocusChanged false mUpcomingWindowFocus true mAdded true
11-04 08:37:23.520 23642 23642 D VRI[MainActivity]: handleWindowFocusChanged mWindowFocusChanged false mUpcomingWindowFocus true mAdded true
11-04 08:37:23.528 23642 23642 D VRI[MainActivity]: handleWindowFocusChanged mWindowFocusChanged false mUpcomingWindowFocus true mAdded true
11-04 08:37:23.536 23642 23642 D VRI[MainActivity]: handleWindowFocusChanged mWindowFocusChanged false mUpcomingWindowFocus true mAdded true
11-04 08:37:23.544 23642 23642 D VRI[MainActivity]: handleWindowFocusChanged mWindowFocusChanged false mUpcomingWindowFocus true mAdded true
11-04 08:37:23.553 23642 23642 D VRI[MainActivity]: handleWindowFocusChanged mWindowFocusChanged false mUpcomingWindowFocus true mAdded true
11-04 08:37:23.561 23642 23642 D VRI[MainActivity]: handleWindowFocusChanged mWindowFocusChanged false mUpcomingWindowFocus true mAdded true
11-04 08:37:23.570 23642 23642 D VRI[MainActivity]: handleWindowFocusChanged mWindowFocusChanged false mUpcomingWindowFocus true mAdded true
11-04 08:37:23.578 23642 23642 D VRI[MainActivity]: handleWindowFocusChanged mWindowFocusChanged false mUpcomingWindowFocus true mAdded true
11-04 08:37:23.586 23642 23642 D VRI[MainActivity]: handleWindowFocusChanged mWindowFocusChanged false mUpcomingWindowFocus true mAdded true
11-04 08:37:23.595 23642 23642 D VRI[MainActivity]: handleWindowFocusChanged mWindowFocusChanged false mUpcomingWindowFocus true mAdded true
11-04 08:37:23.595 23642 23642 D VRI[MainActivity]: handleWindowFocusChanged mWindowFocusChanged false mUpcomingWindowFocus true mAdded true
11-04 08:37:23.603 23642 23642 D VRI[MainActivity]: handleWindowFocusChanged mWindowFocusChanged false mUpcomingWindowFocus true mAdded true
11-04 08:37:23.611 23642 23642 D VRI[MainActivity]: handleWindowFocusChanged mWindowFocusChanged false mUpcomingWindowFocus true mAdded true
11-04 08:37:23.620 23642 23642 D VRI[MainActivity]: handleWindowFocusChanged mWindowFocusChanged false mUpcomingWindowFocus true mAdded true
11-04 08:37:23.628 23642 23642 D VRI[MainActivity]: handleWindowFocusChanged mWindowFocusChanged false mUpcomingWindowFocus true mAdded true
11-04 08:37:23.636 23642 23642 D VRI[MainActivity]: handleWindowFocusChanged mWindowFocusChanged false mUpcomingWindowFocus true mAdded true
11-04 08:37:23.645 23642 23642 D VRI[MainActivity]: handleWindowFocusChanged mWindowFocusChanged false mUpcomingWindowFocus true mAdded true
11-04 08:37:23.653 23642 23642 D VRI[MainActivity]: handleWindowFocusChanged mWindowFocusChanged false mUpcomingWindowFocus true mAdded true
11-04 08:37:23.711 23642 23642 D VRI[MainActivity]: handleWindowFocusChanged mWindowFocusChanged false mUpcomingWindowFocus true mAdded true
11-04 08:37:23.720 23642 23642 D VRI[MainActivity]: handleWindowFocusChanged mWindowFocusChanged false mUpcomingWindowFocus true mAdded true
11-04 08:37:23.723 23642 23642 D VRI[MainActivity]: handleWindowFocusChanged mWindowFocusChanged false mUpcomingWindowFocus true mAdded true
11-04 08:37:24.006 23642 23642 D VRI[MainActivity]: handleWindowFocusChanged mWindowFocusChanged false mUpcomingWindowFocus true mAdded true
11-04 08:37:24.018 23642 23642 D VRI[MainActivity]: handleWindowFocusChanged mWindowFocusChanged false mUpcomingWindowFocus true mAdded true
11-04 08:37:24.028 23642 23642 D VRI[MainActivity]: handleWindowFocusChanged mWindowFocusChanged false mUpcomingWindowFocus true mAdded true
11-04 08:37:24.036 23642 23642 D VRI[MainActivity]: handleWindowFocusChanged mWindowFocusChanged false mUpcomingWindowFocus true mAdded true
11-04 08:37:24.045 23642 23642 D VRI[MainActivity]: handleWindowFocusChanged mWindowFocusChanged false mUpcomingWindowFocus true mAdded true
11-04 08:37:24.053 23642 23642 D VRI[MainActivity]: handleWindowFocusChanged mWindowFocusChanged false mUpcomingWindowFocus true mAdded true
11-04 08:37:24.061 23642 23642 D VRI[MainActivity]: handleWindowFocusChanged mWindowFocusChanged false mUpcomingWindowFocus true mAdded true
11-04 08:37:24.070 23642 23642 D VRI[MainActivity]: handleWindowFocusChanged mWindowFocusChanged false mUpcomingWindowFocus true mAdded true
11-04 08:37:24.078 23642 23642 D VRI[MainActivity]: handleWindowFocusChanged mWindowFocusChanged false mUpcomingWindowFocus true mAdded true
11-04 08:37:24.087 23642 23642 D VRI[MainActivity]: handleWindowFocusChanged mWindowFocusChanged false mUpcomingWindowFocus true mAdded true
11-04 08:37:24.095 23642 23642 D VRI[MainActivity]: handleWindowFocusChanged mWindowFocusChanged false mUpcomingWindowFocus true mAdded true
11-04 08:37:24.103 23642 23642 D VRI[MainActivity]: handleWindowFocusChanged mWindowFocusChanged false mUpcomingWindowFocus true mAdded true
11-04 08:37:24.112 23642 23642 D VRI[MainActivity]: handleWindowFocusChanged mWindowFocusChanged false mUpcomingWindowFocus true mAdded true
11-04 08:37:24.120 23642 23642 D VRI[MainActivity]: handleWindowFocusChanged mWindowFocusChanged false mUpcomingWindowFocus true mAdded true
11-04 08:37:24.129 23642 23642 D VRI[MainActivity]: handleWindowFocusChanged mWindowFocusChanged false mUpcomingWindowFocus true mAdded true
11-04 08:37:24.137 23642 23642 D VRI[MainActivity]: handleWindowFocusChanged mWindowFocusChanged false mUpcomingWindowFocus true mAdded true
11-04 08:37:24.145 23642 23642 D VRI[MainActivity]: handleWindowFocusChanged mWindowFocusChanged false mUpcomingWindowFocus true mAdded true
11-04 08:37:24.153 23642 23642 D VRI[MainActivity]: handleWindowFocusChanged mWindowFocusChanged false mUpcomingWindowFocus true mAdded true
11-04 08:37:24.161 23642 23642 D VRI[MainActivity]: handleWindowFocusChanged mWindowFocusChanged false mUpcomingWindowFocus true mAdded true
11-04 08:37:24.170 23642 23642 D VRI[MainActivity]: handleWindowFocusChanged mWindowFocusChanged false mUpcomingWindowFocus true mAdded true
11-04 08:37:24.178 23642 23642 D VRI[MainActivity]: handleWindowFocusChanged mWindowFocusChanged false mUpcomingWindowFocus true mAdded true
11-04 08:37:24.187 23642 23642 D VRI[MainActivity]: handleWindowFocusChanged mWindowFocusChanged false mUpcomingWindowFocus true mAdded true
11-04 08:37:24.195 23642 23642 D VRI[MainActivity]: handleWindowFocusChanged mWindowFocusChanged false mUpcomingWindowFocus true mAdded true
11-04 08:37:24.203 23642 23642 D VRI[MainActivity]: handleWindowFocusChanged mWindowFocusChanged false mUpcomingWindowFocus true mAdded true
11-04 08:37:24.212 23642 23642 D VRI[MainActivity]: handleWindowFocusChanged mWindowFocusChanged false mUpcomingWindowFocus true mAdded true
11-04 08:37:24.220 23642 23642 D VRI[MainActivity]: handleWindowFocusChanged mWindowFocusChanged false mUpcomingWindowFocus true mAdded true
11-04 08:37:24.228 23642 23642 D VRI[MainActivity]: handleWindowFocusChanged mWindowFocusChanged false mUpcomingWindowFocus true mAdded true
11-04 08:37:24.237 23642 23642 D VRI[MainActivity]: handleWindowFocusChanged mWindowFocusChanged false mUpcomingWindowFocus true mAdded true
11-04 08:37:24.245 23642 23642 D VRI[MainActivity]: handleWindowFocusChanged mWindowFocusChanged false mUpcomingWindowFocus true mAdded true
11-04 08:37:24.253 23642 23642 D VRI[MainActivity]: handleWindowFocusChanged mWindowFocusChanged false mUpcomingWindowFocus true mAdded true
11-04 08:37:24.262 23642 23642 D VRI[MainActivity]: handleWindowFocusChanged mWindowFocusChanged false mUpcomingWindowFocus true mAdded true
11-04 08:37:24.270 23642 23642 D VRI[MainActivity]: handleWindowFocusChanged mWindowFocusChanged false mUpcomingWindowFocus true mAdded true
11-04 08:37:24.278 23642 23642 D VRI[MainActivity]: handleWindowFocusChanged mWindowFocusChanged false mUpcomingWindowFocus true mAdded true
11-04 08:37:24.287 23642 23642 D VRI[MainActivity]: handleWindowFocusChanged mWindowFocusChanged false mUpcomingWindowFocus true mAdded true
11-04 08:37:24.295 23642 23642 D VRI[MainActivity]: handleWindowFocusChanged mWindowFocusChanged false mUpcomingWindowFocus true mAdded true
11-04 08:37:24.304 23642 23642 D VRI[MainActivity]: handleWindowFocusChanged mWindowFocusChanged false mUpcomingWindowFocus true mAdded true
11-04 08:37:24.312 23642 23642 D VRI[MainActivity]: handleWindowFocusChanged mWindowFocusChanged false mUpcomingWindowFocus true mAdded true
11-04 08:37:24.320 23642 23642 D VRI[MainActivity]: handleWindowFocusChanged mWindowFocusChanged false mUpcomingWindowFocus true mAdded true
11-04 08:37:24.328 23642 23642 D VRI[MainActivity]: handleWindowFocusChanged mWindowFocusChanged false mUpcomingWindowFocus true mAdded true
11-04 08:37:24.337 23642 23642 D VRI[MainActivity]: handleWindowFocusChanged mWindowFocusChanged false mUpcomingWindowFocus true mAdded true
11-04 08:37:24.345 23642 23642 D VRI[MainActivity]: handleWindowFocusChanged mWindowFocusChanged false mUpcomingWindowFocus true mAdded true
11-04 08:37:24.353 23642 23642 D VRI[MainActivity]: handleWindowFocusChanged mWindowFocusChanged false mUpcomingWindowFocus true mAdded true
11-04 08:37:24.362 23642 23642 D VRI[MainActivity]: handleWindowFocusChanged mWindowFocusChanged false mUpcomingWindowFocus true mAdded true
11-04 08:37:24.370 23642 23642 D VRI[MainActivity]: handleWindowFocusChanged mWindowFocusChanged false mUpcomingWindowFocus true mAdded true
11-04 08:37:24.378 23642 23642 D VRI[MainActivity]: handleWindowFocusChanged mWindowFocusChanged false mUpcomingWindowFocus true mAdded true
11-04 08:37:24.387 23642 23642 D VRI[MainActivity]: handleWindowFocusChanged mWindowFocusChanged false mUpcomingWindowFocus true mAdded true
11-04 08:37:24.395 23642 23642 D VRI[MainActivity]: handleWindowFocusChanged mWindowFocusChanged false mUpcomingWindowFocus true mAdded true
11-04 08:37:24.403 23642 23642 D VRI[MainActivity]: handleWindowFocusChanged mWindowFocusChanged false mUpcomingWindowFocus true mAdded true
11-04 08:37:24.405 23642 23642 D VRI[MainActivity]: handleWindowFocusChanged mWindowFocusChanged false mUpcomingWindowFocus true mAdded true
11-04 08:37:24.834 23642 23642 D VRI[MainActivity]: handleWindowFocusChanged mWindowFocusChanged false mUpcomingWindowFocus true mAdded true
11-04 08:37:24.843 23642 23642 D VRI[MainActivity]: handleWindowFocusChanged mWindowFocusChanged false mUpcomingWindowFocus true mAdded true
11-04 08:37:24.871 23642 23642 D VRI[MainActivity]: handleWindowFocusChanged mWindowFocusChanged false mUpcomingWindowFocus true mAdded true
11-04 08:37:24.879 23642 23642 D VRI[MainActivity]: handleWindowFocusChanged mWindowFocusChanged false mUpcomingWindowFocus true mAdded true
11-04 08:37:24.912 23642 23642 D VRI[MainActivity]: handleWindowFocusChanged mWindowFocusChanged false mUpcomingWindowFocus true mAdded true
11-04 08:37:24.922 23642 23642 D VRI[MainActivity]: handleWindowFocusChanged mWindowFocusChanged false mUpcomingWindowFocus true mAdded true
11-04 08:37:24.930 23642 23642 D VRI[MainActivity]: handleWindowFocusChanged mWindowFocusChanged false mUpcomingWindowFocus true mAdded true
11-04 08:37:24.937 23642 23642 D VRI[MainActivity]: handleWindowFocusChanged mWindowFocusChanged false mUpcomingWindowFocus true mAdded true
11-04 08:37:24.945 23642 23642 D VRI[MainActivity]: handleWindowFocusChanged mWindowFocusChanged false mUpcomingWindowFocus true mAdded true
11-04 08:37:24.953 23642 23642 D VRI[MainActivity]: handleWindowFocusChanged mWindowFocusChanged false mUpcomingWindowFocus true mAdded true
11-04 08:37:24.962 23642 23642 D VRI[MainActivity]: handleWindowFocusChanged mWindowFocusChanged false mUpcomingWindowFocus true mAdded true
11-04 08:37:24.970 23642 23642 D VRI[MainActivity]: handleWindowFocusChanged mWindowFocusChanged false mUpcomingWindowFocus true mAdded true
11-04 08:37:24.978 23642 23642 D VRI[MainActivity]: handleWindowFocusChanged mWindowFocusChanged false mUpcomingWindowFocus true mAdded true
11-04 08:37:24.987 23642 23642 D VRI[MainActivity]: handleWindowFocusChanged mWindowFocusChanged false mUpcomingWindowFocus true mAdded true
11-04 08:37:24.995 23642 23642 D VRI[MainActivity]: handleWindowFocusChanged mWindowFocusChanged false mUpcomingWindowFocus true mAdded true
11-04 08:37:25.003 23642 23642 D VRI[MainActivity]: handleWindowFocusChanged mWindowFocusChanged false mUpcomingWindowFocus true mAdded true
11-04 08:37:25.012 23642 23642 D VRI[MainActivity]: handleWindowFocusChanged mWindowFocusChanged false mUpcomingWindowFocus true mAdded true
11-04 08:37:25.020 23642 23642 D VRI[MainActivity]: handleWindowFocusChanged mWindowFocusChanged false mUpcomingWindowFocus true mAdded true
11-04 08:37:25.029 23642 23642 D VRI[MainActivity]: handleWindowFocusChanged mWindowFocusChanged false mUpcomingWindowFocus true mAdded true
11-04 08:37:25.030 23642 23642 D VRI[MainActivity]: handleWindowFocusChanged mWindowFocusChanged false mUpcomingWindowFocus true mAdded true
11-04 08:37:25.285 23642 23642 D VRI[MainActivity]: handleWindowFocusChanged mWindowFocusChanged false mUpcomingWindowFocus true mAdded true
11-04 08:37:25.369 23642 23642 D VRI[MainActivity]: handleWindowFocusChanged mWindowFocusChanged false mUpcomingWindowFocus true mAdded true
11-04 08:37:25.378 23642 23642 D VRI[MainActivity]: handleWindowFocusChanged mWindowFocusChanged false mUpcomingWindowFocus true mAdded true
11-04 08:37:25.387 23642 23642 D VRI[MainActivity]: handleWindowFocusChanged mWindowFocusChanged false mUpcomingWindowFocus true mAdded true
11-04 08:37:25.407 23642 23642 D VRI[MainActivity]: handleWindowFocusChanged mWindowFocusChanged false mUpcomingWindowFocus true mAdded true
11-04 08:37:25.413 23642 23642 D VRI[MainActivity]: handleWindowFocusChanged mWindowFocusChanged false mUpcomingWindowFocus true mAdded true
11-04 08:37:25.420 23642 23642 D VRI[MainActivity]: handleWindowFocusChanged mWindowFocusChanged false mUpcomingWindowFocus true mAdded true
11-04 08:37:25.428 23642 23642 D VRI[MainActivity]: handleWindowFocusChanged mWindowFocusChanged false mUpcomingWindowFocus true mAdded true
11-04 08:37:25.437 23642 23642 D VRI[MainActivity]: handleWindowFocusChanged mWindowFocusChanged false mUpcomingWindowFocus true mAdded true
11-04 08:37:25.445 23642 23642 D VRI[MainActivity]: handleWindowFocusChanged mWindowFocusChanged false mUpcomingWindowFocus true mAdded true
11-04 08:37:25.453 23642 23642 D VRI[MainActivity]: handleWindowFocusChanged mWindowFocusChanged false mUpcomingWindowFocus true mAdded true
11-04 08:37:25.462 23642 23642 D VRI[MainActivity]: handleWindowFocusChanged mWindowFocusChanged false mUpcomingWindowFocus true mAdded true
11-04 08:37:25.470 23642 23642 D VRI[MainActivity]: handleWindowFocusChanged mWindowFocusChanged false mUpcomingWindowFocus true mAdded true
11-04 08:37:25.478 23642 23642 D VRI[MainActivity]: handleWindowFocusChanged mWindowFocusChanged false mUpcomingWindowFocus true mAdded true
11-04 08:37:25.481 23642 23642 D VRI[MainActivity]: handleWindowFocusChanged mWindowFocusChanged false mUpcomingWindowFocus true mAdded true
11-04 08:37:25.824 23642 23642 D VRI[MainActivity]: handleWindowFocusChanged mWindowFocusChanged false mUpcomingWindowFocus true mAdded true
11-04 08:37:25.845 23642 23642 D VRI[MainActivity]: handleWindowFocusChanged mWindowFocusChanged false mUpcomingWindowFocus true mAdded true
11-04 08:37:25.887 23642 23642 D VRI[MainActivity]: handleWindowFocusChanged mWindowFocusChanged false mUpcomingWindowFocus true mAdded true
11-04 08:37:25.895 23642 23642 D VRI[MainActivity]: handleWindowFocusChanged mWindowFocusChanged false mUpcomingWindowFocus true mAdded true
11-04 08:37:25.904 23642 23642 D VRI[MainActivity]: handleWindowFocusChanged mWindowFocusChanged false mUpcomingWindowFocus true mAdded true
11-04 08:37:25.912 23642 23642 D VRI[MainActivity]: handleWindowFocusChanged mWindowFocusChanged false mUpcomingWindowFocus true mAdded true
11-04 08:37:25.920 23642 23642 D VRI[MainActivity]: handleWindowFocusChanged mWindowFocusChanged false mUpcomingWindowFocus true mAdded true
11-04 08:37:25.929 23642 23642 D VRI[MainActivity]: handleWindowFocusChanged mWindowFocusChanged false mUpcomingWindowFocus true mAdded true
11-04 08:37:25.937 23642 23642 D VRI[MainActivity]: handleWindowFocusChanged mWindowFocusChanged false mUpcomingWindowFocus true mAdded true
11-04 08:37:25.944 23642 23642 D VRI[MainActivity]: handleWindowFocusChanged mWindowFocusChanged false mUpcomingWindowFocus true mAdded true
11-04 08:37:26.175 23642 23642 D VRI[MainActivity]: handleWindowFocusChanged mWindowFocusChanged false mUpcomingWindowFocus true mAdded true
11-04 08:37:26.204 23642 23642 D VRI[MainActivity]: handleWindowFocusChanged mWindowFocusChanged false mUpcomingWindowFocus true mAdded true
11-04 08:37:26.220 23642 23642 D VRI[MainActivity]: handleWindowFocusChanged mWindowFocusChanged false mUpcomingWindowFocus true mAdded true
11-04 08:37:26.254 23642 23642 D VRI[MainActivity]: handleWindowFocusChanged mWindowFocusChanged false mUpcomingWindowFocus true mAdded true
11-04 08:37:26.262 23642 23642 D VRI[MainActivity]: handleWindowFocusChanged mWindowFocusChanged false mUpcomingWindowFocus true mAdded true
11-04 08:37:26.279 23642 23642 D VRI[MainActivity]: handleWindowFocusChanged mWindowFocusChanged false mUpcomingWindowFocus true mAdded true
11-04 08:37:26.296 23642 23642 D VRI[MainActivity]: handleWindowFocusChanged mWindowFocusChanged false mUpcomingWindowFocus true mAdded true
11-04 08:37:26.302 23642 27847 I Quality : JankCountInfo: com.hippo.ehviewer.ui.MainActivity basic:0-0-0 action:2 data:0-13 type:2 stage:1-0-0 action:6 data:0-5 type:2 stage:0-0-0 action:8 data:0-6 type:2 stage:0-0-0 action:10 data:0-0 type:2 stage:0-0-0 action:13 data:0-0 type:2 stage:0-0-0
11-04 08:37:26.321 23642 23642 D VRI[MainActivity]: handleWindowFocusChanged mWindowFocusChanged false mUpcomingWindowFocus true mAdded true
11-04 08:37:26.329 23642 23642 D VRI[MainActivity]: handleWindowFocusChanged mWindowFocusChanged false mUpcomingWindowFocus true mAdded true
11-04 08:37:26.338 23642 23642 D VRI[MainActivity]: handleWindowFocusChanged mWindowFocusChanged false mUpcomingWindowFocus true mAdded true
11-04 08:37:26.346 23642 23642 D VRI[MainActivity]: handleWindowFocusChanged mWindowFocusChanged false mUpcomingWindowFocus true mAdded true
11-04 08:37:26.354 23642 23642 D VRI[MainActivity]: handleWindowFocusChanged mWindowFocusChanged false mUpcomingWindowFocus true mAdded true
11-04 08:37:26.362 23642 23642 D VRI[MainActivity]: handleWindowFocusChanged mWindowFocusChanged false mUpcomingWindowFocus true mAdded true
11-04 08:37:26.371 23642 23642 D VRI[MainActivity]: handleWindowFocusChanged mWindowFocusChanged false mUpcomingWindowFocus true mAdded true
11-04 08:37:26.379 23642 23642 D VRI[MainActivity]: handleWindowFocusChanged mWindowFocusChanged false mUpcomingWindowFocus true mAdded true
11-04 08:37:26.387 23642 23642 D VRI[MainActivity]: handleWindowFocusChanged mWindowFocusChanged false mUpcomingWindowFocus true mAdded true
11-04 08:37:26.396 23642 23642 D VRI[MainActivity]: handleWindowFocusChanged mWindowFocusChanged false mUpcomingWindowFocus true mAdded true
11-04 08:37:26.404 23642 23642 D VRI[MainActivity]: handleWindowFocusChanged mWindowFocusChanged false mUpcomingWindowFocus true mAdded true
11-04 08:37:26.412 23642 23642 D VRI[MainActivity]: handleWindowFocusChanged mWindowFocusChanged false mUpcomingWindowFocus true mAdded true
11-04 08:37:26.420 23642 23642 D VRI[MainActivity]: handleWindowFocusChanged mWindowFocusChanged false mUpcomingWindowFocus true mAdded true
11-04 08:37:26.429 23642 23642 D VRI[MainActivity]: handleWindowFocusChanged mWindowFocusChanged false mUpcomingWindowFocus true mAdded true
11-04 08:37:26.437 23642 23642 D VRI[MainActivity]: handleWindowFocusChanged mWindowFocusChanged false mUpcomingWindowFocus true mAdded true
11-04 08:37:26.446 23642 23642 D VRI[MainActivity]: handleWindowFocusChanged mWindowFocusChanged false mUpcomingWindowFocus true mAdded true
11-04 08:37:26.454 23642 23642 D VRI[MainActivity]: handleWindowFocusChanged mWindowFocusChanged false mUpcomingWindowFocus true mAdded true
11-04 08:37:26.462 23642 23642 D VRI[MainActivity]: handleWindowFocusChanged mWindowFocusChanged false mUpcomingWindowFocus true mAdded true
11-04 08:37:26.469 23642 23642 D VRI[MainActivity]: handleWindowFocusChanged mWindowFocusChanged false mUpcomingWindowFocus true mAdded true
11-04 08:37:27.188 23642 23642 D VRI[MainActivity]: handleWindowFocusChanged mWindowFocusChanged false mUpcomingWindowFocus true mAdded true
11-04 08:37:27.191 23642 23642 D VRI[MainActivity]: handleWindowFocusChanged mWindowFocusChanged false mUpcomingWindowFocus true mAdded true
11-04 08:37:27.204 23642 23642 D VRI[MainActivity]: handleWindowFocusChanged mWindowFocusChanged false mUpcomingWindowFocus true mAdded true
11-04 08:37:27.213 23642 23642 D VRI[MainActivity]: handleWindowFocusChanged mWindowFocusChanged false mUpcomingWindowFocus true mAdded true
11-04 08:37:27.221 23642 23642 D VRI[MainActivity]: handleWindowFocusChanged mWindowFocusChanged false mUpcomingWindowFocus true mAdded true
11-04 08:37:27.229 23642 23642 D VRI[MainActivity]: handleWindowFocusChanged mWindowFocusChanged false mUpcomingWindowFocus true mAdded true
11-04 08:37:27.238 23642 23642 D VRI[MainActivity]: handleWindowFocusChanged mWindowFocusChanged false mUpcomingWindowFocus true mAdded true
11-04 08:37:27.246 23642 23642 D VRI[MainActivity]: handleWindowFocusChanged mWindowFocusChanged false mUpcomingWindowFocus true mAdded true
11-04 08:37:27.255 23642 23642 D VRI[MainActivity]: handleWindowFocusChanged mWindowFocusChanged false mUpcomingWindowFocus true mAdded true
11-04 08:37:27.262 23642 23642 D VRI[MainActivity]: handleWindowFocusChanged mWindowFocusChanged false mUpcomingWindowFocus true mAdded true
11-04 08:37:27.270 23642 23642 D VRI[MainActivity]: handleWindowFocusChanged mWindowFocusChanged false mUpcomingWindowFocus true mAdded true
11-04 08:37:27.278 23642 23642 D VRI[MainActivity]: handleWindowFocusChanged mWindowFocusChanged false mUpcomingWindowFocus true mAdded true
11-04 08:37:27.287 23642 23642 D VRI[MainActivity]: handleWindowFocusChanged mWindowFocusChanged false mUpcomingWindowFocus true mAdded true
11-04 08:37:27.291 23642 23642 D VRI[MainActivity]: handleWindowFocusChanged mWindowFocusChanged false mUpcomingWindowFocus true mAdded true
11-04 08:37:28.175 23642 23642 D VRI[MainActivity]: handleWindowFocusChanged mWindowFocusChanged false mUpcomingWindowFocus true mAdded true
11-04 08:37:28.184 23642 23642 D VRI[MainActivity]: handleWindowFocusChanged mWindowFocusChanged false mUpcomingWindowFocus true mAdded true
11-04 08:37:28.184 23642 23642 D Activity: dispatchKeyEvent to com.hippo.ehviewer.ui.MainActivity@89e20b4 will call onBackPressed
11-04 08:37:28.185 23642 23642 W OnBackInvokedCallback: OnBackInvokedCallback is not enabled for the application.
11-04 08:37:28.185 23642 23642 W OnBackInvokedCallback: Set 'android:enableOnBackInvokedCallback="true"' in the application manifest.
11-04 08:37:28.193 23642 23642 I oplus.android.OplusFrameworkFactoryImpl: get feature:IOplusDynamicVsyncFeature
11-04 08:37:28.193 23642 23642 I oplus.android.OplusFrameworkFactoryImpl: get feature:IOplusDynamicVsyncFeature
11-04 08:37:28.193 23642 23642 I oplus.android.OplusFrameworkFactoryImpl: get feature:IOplusDynamicVsyncFeature
11-04 08:37:28.195 23642 23642 I oplus.android.OplusFrameworkFactoryImpl: get feature:IOplusDynamicVsyncFeature
11-04 08:37:28.195 23642 23642 I oplus.android.OplusFrameworkFactoryImpl: get feature:IOplusDynamicVsyncFeature
11-04 08:37:28.195 23642 23642 I oplus.android.OplusFrameworkFactoryImpl: get feature:IOplusDynamicVsyncFeature
11-04 08:37:28.221 23642 23642 I oplus.android.OplusFrameworkFactoryImpl: get feature:IOplusDynamicVsyncFeature
11-04 08:37:28.221 23642 23642 I oplus.android.OplusFrameworkFactoryImpl: get feature:IOplusDynamicVsyncFeature
11-04 08:37:28.221 23642 23642 I oplus.android.OplusFrameworkFactoryImpl: get feature:IOplusDynamicVsyncFeature
11-04 08:37:28.224 23642 23642 I oplus.android.OplusFrameworkFactoryImpl: get feature:IOplusDynamicVsyncFeature
11-04 08:37:28.224 23642 23642 I oplus.android.OplusFrameworkFactoryImpl: get feature:IOplusDynamicVsyncFeature
11-04 08:37:28.224 23642 23642 I oplus.android.OplusFrameworkFactoryImpl: get feature:IOplusDynamicVsyncFeature
11-04 08:37:28.230 23642 27848 D EhEngine: https://exhentai.org/
11-04 08:37:28.232 23642 23642 I oplus.android.OplusFrameworkFactoryImpl: get feature:IOplusDynamicVsyncFeature
11-04 08:37:28.232 23642 23642 I oplus.android.OplusFrameworkFactoryImpl: get feature:IOplusDynamicVsyncFeature
11-04 08:37:28.232 23642 23642 I oplus.android.OplusFrameworkFactoryImpl: get feature:IOplusDynamicVsyncFeature
11-04 08:37:28.237 23642 27883 D TrafficStats: tagSocket(3) with statsTag=0xffffffff, statsUid=-1
11-04 08:37:28.254 23642 23642 I Quality : Skipped: false 1 cost 8.659516 refreshRate 8338183 bit true processName org.moedog.ehviewer
11-04 08:37:28.488 23642 27885 D TrafficStats: tagSocket(5) with statsTag=0xffffffff, statsUid=-1
11-04 08:37:28.643 23642 23642 D VRI[MainActivity]: handleWindowFocusChanged mWindowFocusChanged false mUpcomingWindowFocus true mAdded true
11-04 08:37:28.646 23642 23642 D VRI[MainActivity]: handleWindowFocusChanged mWindowFocusChanged false mUpcomingWindowFocus true mAdded true
11-04 08:37:28.648 23642 23642 D Activity: dispatchKeyEvent to com.hippo.ehviewer.ui.MainActivity@89e20b4 will call onBackPressed
11-04 08:37:29.092 23642 23642 D VRI[MainActivity]: handleWindowFocusChanged mWindowFocusChanged false mUpcomingWindowFocus true mAdded true
11-04 08:37:29.094 23642 23642 D VRI[MainActivity]: handleWindowFocusChanged mWindowFocusChanged false mUpcomingWindowFocus true mAdded true
11-04 08:37:29.095 23642 23642 D Activity: dispatchKeyEvent to com.hippo.ehviewer.ui.MainActivity@89e20b4 will call onBackPressed
11-04 08:37:29.095 23642 23642 I zO      : finishScene: It is the last scene, finish activity now
11-04 08:37:29.105 23642 23642 I Quality : Skipped: false 1 cost 9.779318 refreshRate 8337822 bit true processName org.moedog.ehviewer
11-04 08:37:29.126 23642 23642 D VRI[MainActivity]: onFocusEvent false
11-04 08:37:29.126 23642 23642 D VRI[MainActivity]: send msg MSG_WINDOW_FOCUS_CHANGED with caller android.view.ViewRootImplExtImpl.markAndDumpWindowFocusChangeMsg:956 android.view.ViewRootImpl.windowFocusChanged:9837 android.view.ViewRootImpl$WindowInputEventReceiver.onFocusEvent:9550 android.os.MessageQueue.nativePollOnce:-2 android.os.MessageQueue.next:349 android.os.Looper.loopOnce:186 android.os.Looper.loop:351 android.app.ActivityThread.main:8422 java.lang.reflect.Method.invoke:-2 com.android.internal.os.RuntimeInit$MethodAndArgsCaller.run:584 com.android.internal.os.ZygoteInit.main:1013 <bottom of call stack> <bottom of call stack> <bottom of call stack> <bottom of call stack> <bottom of call stack> <bottom of call stack> <bottom of call stack> <bottom of call stack> <bottom of call stack> 
11-04 08:37:29.130 23642 23642 D VRI[MainActivity]: handleWindowFocusChanged mWindowFocusChanged true mUpcomingWindowFocus false mAdded true
11-04 08:37:29.541 23642 27879 D VRI[MainActivity]: dispatchAppVisibility visible:false
11-04 08:37:29.550 23642 23642 D OpenGLRenderer: RenderProxy::destroy: this=0xb400007ad4a80200, mContext=0xb400007ad94fa180
11-04 08:37:29.550 23642 27847 D OpenGLRenderer: SkiaOpenGLPipeline::setSurface: this=0xb400007b5c1e2300, surface=NULL
11-04 08:37:29.552 23642 27847 D BufferQueueProducer: [VRI[MainActivity]#0(BLAST Consumer)0](id:5c5a00000000,api:1,p:23642,c:23642) disconnect: api 1
11-04 08:37:29.564 23642 23642 D BufferQueueConsumer: [VRI[MainActivity]#0(BLAST Consumer)0](id:5c5a00000000,api:0,p:-1,c:23642) disconnect
11-04 08:37:29.566 23642 23642 D VRI[MainActivity]: setWindowStopped stopped:true
11-04 08:37:29.570 23642 23642 D CursorFeedback: editorDetachFromWindow android.widget.Editor@8d89549
11-04 08:37:29.574 23642 23642 D OplusScrollToTopManager: org.moedog.ehviewer/com.hippo.ehviewer.ui.MainActivity,window dying
11-04 08:37:29.574 23642 23642 D OplusScrollToTopManager: org.moedog.ehviewer/com.hippo.ehviewer.ui.MainActivity,unregisterSystemUIBroadcastReceiver 
11-04 08:37:29.574 23642 23642 D OplusScrollToTopManager: org.moedog.ehviewer/com.hippo.ehviewer.ui.MainActivity, unregisterSystemUIBroadcastReceiver failed java.lang.IllegalArgumentException: Receiver not registered: android.view.OplusScrollToTopManager$2@d401f8b
11-04 08:37:29.579 23642 23642 D OpenGLRenderer: RenderProxy::destroy: this=0xb400007ad4a80200, mContext=0xb400007ad94fa180
11-04 08:37:29.579 23642 27847 D OpenGLRenderer: SkiaOpenGLPipeline::setSurface: this=0xb400007b5c1e2300, surface=NULL
11-04 08:37:30.535 23642 27879 D ColorModeChangeItem: preExecute mColorMode=0,token=android.os.BinderProxy@218a481
11-04 08:37:30.537 23642 23642 I ConfigurationController: handleConfigurationChanged: true, config: {1.0 ??mcc??mnc [zh_CN] ldltr sw360dp w360dp h772dp 480dpi nrml long hdr widecg port finger -keyb/h/h -nav/h winConfig={ mBounds=Rect(0, 0 - 1080, 2412) mAppBounds=Rect(0, 96 - 1080, 2412) mMaxBounds=Rect(0, 0 - 1080, 2412) mDisplayRotation=ROTATION_0 mWindowingMode=fullscreen mDisplayWindowingMode=fullscreen mActivityType=undefined mAlwaysOnTop=undefined mRotation=ROTATION_0} s.175 fontWeightAdjustment=0mThemeChanged= 1, mThemeChangedFlags= 11, mFlipFont= 0, mAccessibleChanged= -1, mUxIconConfig= 3468918229168107792, mMaterialColor= 100004, mUserId= 0, mFontUserId= 0, mFontVariationSettings= 226, mFoldingAngle = -1.0, mIconPackName= , mDarkModeBackgroundMaxL= 8.0, mDarkModeDialogBgMaxL= 27.0, mDarkModeForegroundMinL= 100.0, mOplusConfigType= 1, mOplusChangedConfigs= 0, OpSans= 0, mBurmeseFontFlag= 2, mFlag= 0, mPuttDisplayFlag= -1} 
11-04 08:37:30.537 23642 23642 I ConfigurationController: , curconfig: {1.0 ??mcc??mnc [zh_CN] ldltr sw360dp w360dp h772dp 480dpi nrml long hdr widecg port finger -keyb/h/h -nav/h winConfig={ mBounds=Rect(0, 0 - 1080, 2412) mAppBounds=Rect(0, 96 - 1080, 2412) mMaxBounds=Rect(0, 0 - 1080, 2412) mDisplayRotation=ROTATION_0 mWindowingMode=fullscreen mDisplayWindowingMode=fullscreen mActivityType=undefined mAlwaysOnTop=undefined mRotation=ROTATION_0} s.175 fontWeightAdjustment=0mThemeChanged= 1, mThemeChangedFlags= 11, mFlipFont= 0, mAccessibleChanged= -1, mUxIconConfig= 3468918229168107792, mMaterialColor= 100004, mUserId= 0, mFontUserId= 0, mFontVariationSettings= 226, mFoldingAngle = -1.0, mIconPackName= , mDarkModeBackgroundMaxL= 8.0, mDarkModeDialogBgMaxL= 27.0, mDarkModeForegroundMinL= 100.0, mOplusConfigType= 1, mOplusChangedConfigs= 0, OpSans= 0, mBurmeseFontFlag= 2, mFlag= 0, mPuttDisplayFlag= -1} 
11-04 08:37:30.537 23642 23642 I ConfigurationController: android.app.ActivityThread.handleLaunchActivity:4003 android.app.servertransaction.LaunchActivityItem.execute:111 android.app.servertransaction.TransactionExecutor.executeCallbacks:135 android.app.servertransaction.TransactionExecutor.execute:95 android.app.ActivityThread$H.handleMessage:2474 android.os.Handler.dispatchMessage:106 android.os.Looper.loopOnce:240 android.os.Looper.loop:351 android.app.ActivityThread.main:8422 java.lang.reflect.Method.invoke:-2 
11-04 08:37:30.550 23642 23642 I AppCompatDelegate: The Activity's LayoutInflater already has a Factory installed so we can not install AppCompat's
11-04 08:37:30.556 23642 23642 I oplus.android.OplusFrameworkFactoryImpl: get feature:IOplusDynamicVsyncFeature
11-04 08:37:30.556 23642 23642 I oplus.android.OplusFrameworkFactoryImpl: get feature:IOplusDynamicVsyncFeature
11-04 08:37:30.556 23642 23642 I oplus.android.OplusFrameworkFactoryImpl: get feature:IOplusDynamicVsyncFeature
11-04 08:37:30.556 23642 23642 I oplus.android.OplusFrameworkFactoryImpl: get feature:IOplusDynamicVsyncFeature
11-04 08:37:30.556 23642 23642 I oplus.android.OplusFrameworkFactoryImpl: get feature:IOplusDynamicVsyncFeature
11-04 08:37:30.556 23642 23642 I oplus.android.OplusFrameworkFactoryImpl: get feature:IOplusDynamicVsyncFeature
11-04 08:37:30.558 23642 23642 I oplus.android.OplusFrameworkFactoryImpl: get feature:IOplusDynamicVsyncFeature
11-04 08:37:30.558 23642 23642 I oplus.android.OplusFrameworkFactoryImpl: get feature:IOplusDynamicVsyncFeature
11-04 08:37:30.558 23642 23642 I oplus.android.OplusFrameworkFactoryImpl: get feature:IOplusDynamicVsyncFeature
11-04 08:37:30.566 23642 23642 I oplus.android.OplusFrameworkFactoryImpl: get feature:IOplusDynamicVsyncFeature
11-04 08:37:30.566 23642 23642 I oplus.android.OplusFrameworkFactoryImpl: get feature:IOplusDynamicVsyncFeature
11-04 08:37:30.566 23642 23642 I oplus.android.OplusFrameworkFactoryImpl: get feature:IOplusDynamicVsyncFeature
11-04 08:37:30.567 23642 23642 I oplus.android.OplusFrameworkFactoryImpl: get feature:IOplusDynamicVsyncFeature
11-04 08:37:30.567 23642 23642 I oplus.android.OplusFrameworkFactoryImpl: get feature:IOplusDynamicVsyncFeature
11-04 08:37:30.567 23642 23642 I oplus.android.OplusFrameworkFactoryImpl: get feature:IOplusDynamicVsyncFeature
11-04 08:37:30.589 23642 23642 I oplus.android.OplusFrameworkFactoryImpl: get feature:IOplusDynamicVsyncFeature
11-04 08:37:30.589 23642 23642 I oplus.android.OplusFrameworkFactoryImpl: get feature:IOplusDynamicVsyncFeature
11-04 08:37:30.589 23642 23642 I oplus.android.OplusFrameworkFactoryImpl: get feature:IOplusDynamicVsyncFeature
11-04 08:37:30.592 23642 23642 I oplus.android.OplusFrameworkFactoryImpl: get feature:IOplusDynamicVsyncFeature
11-04 08:37:30.592 23642 23642 I oplus.android.OplusFrameworkFactoryImpl: get feature:IOplusDynamicVsyncFeature
11-04 08:37:30.592 23642 23642 I oplus.android.OplusFrameworkFactoryImpl: get feature:IOplusDynamicVsyncFeature
11-04 08:37:30.596 23642 27855 D EhEngine: https://exhentai.org/
11-04 08:37:30.597 23642 23642 I oplus.android.OplusFrameworkFactoryImpl: get feature:IOplusDynamicVsyncFeature
11-04 08:37:30.597 23642 23642 I oplus.android.OplusFrameworkFactoryImpl: get feature:IOplusDynamicVsyncFeature
11-04 08:37:30.597 23642 23642 I oplus.android.OplusFrameworkFactoryImpl: get feature:IOplusDynamicVsyncFeature
11-04 08:37:30.600 23642 27883 D TrafficStats: tagSocket(3) with statsTag=0xffffffff, statsUid=-1
11-04 08:37:30.603 23642 23642 D WindowManager: Add to mViews: DecorView@bb4c355[MainActivity],pkg= org.moedog.ehviewer
11-04 08:37:30.606 23642 23642 D InputEventReceiver: Input log is disabled
11-04 08:37:30.608 23642 23642 E OplusBracketLog: [OplusViewMirrorManager] updateHostViewRootIfNeeded, not support android.view.ViewRootImpl@44b3fd1
11-04 08:37:30.618 23642 23642 D BufferQueueConsumer: [](id:5c5a00000001,api:0,p:-1,c:23642) connect: controlledByApp=false
11-04 08:37:30.618 23642 23642 E IPCThreadState: attemptIncStrongHandle(62): Not supported
11-04 08:37:30.620 23642 27847 D BufferQueueProducer: [VRI[MainActivity]#1(BLAST Consumer)1](id:5c5a00000001,api:1,p:23642,c:23642) connect: api=1 producerControlledByApp=true
11-04 08:37:30.631 23642 23642 D VRI[MainActivity]: registerCallbacksForSync syncBuffer=false
11-04 08:37:30.635 23642 27847 D VRI[MainActivity]: Received frameCommittedCallback lastAttemptedDrawFrameNum=1 didProduceBuffer=true syncBuffer=false
11-04 08:37:30.636 23642 27847 W Parcel  : Expecting binder but got null!
11-04 08:37:30.636 23642 23642 D VRI[MainActivity]: draw finished.
11-04 08:37:30.637 23642 23642 I Quality : Skipped: false 2 cost 23.802452 refreshRate 8340201 bit true processName org.moedog.ehviewer
11-04 08:37:30.643 23642 23642 D VRI[MainActivity]: registerCallbacksForSync syncBuffer=false
11-04 08:37:30.645 23642 27847 D VRI[MainActivity]: Received frameCommittedCallback lastAttemptedDrawFrameNum=3 didProduceBuffer=true syncBuffer=false
11-04 08:37:30.645 23642 23642 D VRI[MainActivity]: draw finished.
11-04 08:37:30.652 23642 23642 D VRI[MainActivity]: onFocusEvent true
11-04 08:37:30.652 23642 23642 D VRI[MainActivity]: send msg MSG_WINDOW_FOCUS_CHANGED with caller android.view.ViewRootImplExtImpl.markAndDumpWindowFocusChangeMsg:956 android.view.ViewRootImpl.windowFocusChanged:9837 android.view.ViewRootImpl$WindowInputEventReceiver.onFocusEvent:9550 android.os.MessageQueue.nativePollOnce:-2 android.os.MessageQueue.next:349 android.os.Looper.loopOnce:186 android.os.Looper.loop:351 android.app.ActivityThread.main:8422 java.lang.reflect.Method.invoke:-2 com.android.internal.os.RuntimeInit$MethodAndArgsCaller.run:584 com.android.internal.os.ZygoteInit.main:1013 <bottom of call stack> <bottom of call stack> <bottom of call stack> <bottom of call stack> <bottom of call stack> <bottom of call stack> <bottom of call stack> <bottom of call stack> <bottom of call stack> 
11-04 08:37:30.652 23642 23642 D VRI[MainActivity]: handleWindowFocusChanged mWindowFocusChanged true mUpcomingWindowFocus true mAdded true
11-04 08:37:30.851 23642 27885 D TrafficStats: tagSocket(90) with statsTag=0xffffffff, statsUid=-1
11-04 08:37:30.917 23642 23642 D VRI[MainActivity]: handleWindowFocusChanged mWindowFocusChanged false mUpcomingWindowFocus true mAdded true
11-04 08:37:30.939 23642 23642 D VRI[MainActivity]: handleWindowFocusChanged mWindowFocusChanged false mUpcomingWindowFocus true mAdded true
11-04 08:37:30.956 23642 23642 D VRI[MainActivity]: handleWindowFocusChanged mWindowFocusChanged false mUpcomingWindowFocus true mAdded true
11-04 08:37:30.965 23642 23642 D VRI[MainActivity]: handleWindowFocusChanged mWindowFocusChanged false mUpcomingWindowFocus true mAdded true
11-04 08:37:30.973 23642 23642 D VRI[MainActivity]: handleWindowFocusChanged mWindowFocusChanged false mUpcomingWindowFocus true mAdded true
11-04 08:37:30.981 23642 23642 D VRI[MainActivity]: handleWindowFocusChanged mWindowFocusChanged false mUpcomingWindowFocus true mAdded true
11-04 08:37:30.990 23642 23642 D VRI[MainActivity]: handleWindowFocusChanged mWindowFocusChanged false mUpcomingWindowFocus true mAdded true
11-04 08:37:30.997 23642 23642 D VRI[MainActivity]: handleWindowFocusChanged mWindowFocusChanged false mUpcomingWindowFocus true mAdded true
11-04 08:37:31.005 23642 23642 D VRI[MainActivity]: handleWindowFocusChanged mWindowFocusChanged false mUpcomingWindowFocus true mAdded true
11-04 08:37:31.014 23642 23642 D VRI[MainActivity]: handleWindowFocusChanged mWindowFocusChanged false mUpcomingWindowFocus true mAdded true
11-04 08:37:31.022 23642 23642 D VRI[MainActivity]: handleWindowFocusChanged mWindowFocusChanged false mUpcomingWindowFocus true mAdded true
11-04 08:37:31.028 23642 23642 D VRI[MainActivity]: handleWindowFocusChanged mWindowFocusChanged false mUpcomingWindowFocus true mAdded true
11-04 08:37:31.310 23642 23642 W OnBackInvokedCallback: OnBackInvokedCallback is not enabled for the application.
11-04 08:37:31.310 23642 23642 W OnBackInvokedCallback: Set 'android:enableOnBackInvokedCallback="true"' in the application manifest.
11-04 08:37:31.473 23642 23642 D VRI[MainActivity]: handleWindowFocusChanged mWindowFocusChanged false mUpcomingWindowFocus true mAdded true
11-04 08:37:31.523 23642 23642 D VRI[MainActivity]: handleWindowFocusChanged mWindowFocusChanged false mUpcomingWindowFocus true mAdded true
11-04 08:37:31.531 23642 23642 D VRI[MainActivity]: handleWindowFocusChanged mWindowFocusChanged false mUpcomingWindowFocus true mAdded true
11-04 08:37:31.533 23642 23642 D VRI[MainActivity]: handleWindowFocusChanged mWindowFocusChanged false mUpcomingWindowFocus true mAdded true
11-04 08:37:31.543 23642 23642 W OnBackInvokedCallback: OnBackInvokedCallback is not enabled for the application.
11-04 08:37:31.543 23642 23642 W OnBackInvokedCallback: Set 'android:enableOnBackInvokedCallback="true"' in the application manifest.
11-04 08:37:31.569 23642 23642 I oplus.android.OplusFrameworkFactoryImpl: get feature:IOplusDynamicVsyncFeature
11-04 08:37:31.569 23642 23642 I oplus.android.OplusFrameworkFactoryImpl: get feature:IOplusDynamicVsyncFeature
11-04 08:37:31.569 23642 23642 I oplus.android.OplusFrameworkFactoryImpl: get feature:IOplusDynamicVsyncFeature
11-04 08:37:31.576 23642 23642 I oplus.android.OplusFrameworkFactoryImpl: get feature:IOplusDynamicVsyncFeature
11-04 08:37:31.576 23642 23642 I oplus.android.OplusFrameworkFactoryImpl: get feature:IOplusDynamicVsyncFeature
11-04 08:37:31.576 23642 23642 I oplus.android.OplusFrameworkFactoryImpl: get feature:IOplusDynamicVsyncFeature
11-04 08:37:31.584 23642 23642 I Quality : Skipped: false 3 cost 28.69472 refreshRate 8336618 bit true processName org.moedog.ehviewer
11-04 08:37:31.612 23642 23642 I Quality : Skipped: false 2 cost 23.631828 refreshRate 8335476 bit true processName org.moedog.ehviewer
11-04 08:37:31.659 23642 23642 D OplusScrollToTopManager: org.moedog.ehviewer/com.hippo.ehviewer.ui.MainActivity,This DecorView@bb4c355[MainActivity] change focus to true
11-04 08:37:31.842 23642 23642 D CursorFeedback: editorDetachFromWindow android.widget.Editor@3935649
11-04 08:37:32.007 23642 23642 D VRI[MainActivity]: handleWindowFocusChanged mWindowFocusChanged false mUpcomingWindowFocus true mAdded true
11-04 08:37:32.030 23642 23642 D VRI[MainActivity]: handleWindowFocusChanged mWindowFocusChanged false mUpcomingWindowFocus true mAdded true
11-04 08:37:32.040 23642 23642 D VRI[MainActivity]: handleWindowFocusChanged mWindowFocusChanged false mUpcomingWindowFocus true mAdded true
11-04 08:37:32.049 23642 23642 D VRI[MainActivity]: handleWindowFocusChanged mWindowFocusChanged false mUpcomingWindowFocus true mAdded true
11-04 08:37:32.057 23642 23642 D VRI[MainActivity]: handleWindowFocusChanged mWindowFocusChanged false mUpcomingWindowFocus true mAdded true
11-04 08:37:32.065 23642 23642 D VRI[MainActivity]: handleWindowFocusChanged mWindowFocusChanged false mUpcomingWindowFocus true mAdded true
11-04 08:37:32.073 23642 23642 D VRI[MainActivity]: handleWindowFocusChanged mWindowFocusChanged false mUpcomingWindowFocus true mAdded true
11-04 08:37:32.081 23642 23642 D VRI[MainActivity]: handleWindowFocusChanged mWindowFocusChanged false mUpcomingWindowFocus true mAdded true
