--------- beginning of system
11-04 08:36:45.642 18639 18639 I ConfigurationController: handleConfigurationChanged: true, config: {1.0 ??mcc??mnc [zh_CN] ldltr sw360dp w360dp h772dp 480dpi nrml long hdr widecg port finger -keyb/h/h -nav/h winConfig={ mBounds=Rect(0, 0 - 1080, 2412) mAppBounds=Rect(0, 96 - 1080, 2412) mMaxBounds=Rect(0, 0 - 1080, 2412) mDisplayRotation=ROTATION_0 mWindowingMode=fullscreen mDisplayWindowingMode=fullscreen mActivityType=undefined mAlwaysOnTop=undefined mRotation=ROTATION_0} s.264 fontWeightAdjustment=0mThemeChanged= 1, mThemeChangedFlags= 11, mFlipFont= 0, mAccessibleChanged= -1, mUxIconConfig= 3468918229168107792, mMaterialColor= 100004, mUserId= 0, mFontUserId= 0, mFontVariationSettings= 226, mFoldingAngle = -1.0, mIconPackName= , mDarkModeBackgroundMaxL= 8.0, mDarkModeDialogBgMaxL= 27.0, mDarkModeForegroundMinL= 100.0, mOplusConfigType= 1, mOplusChangedConfigs= 0, OpSans= 0, mBurmeseFontFlag= 2, mFlag= 0, mPuttDisplayFlag= -1} 
11-04 08:36:45.642 18639 18639 I ConfigurationController: , curconfig: {1.0 ??mcc??mnc [zh_CN] ldltr sw360dp w360dp h772dp 480dpi nrml long hdr widecg port finger -keyb/h/h -nav/h winConfig={ mBounds=Rect(0, 0 - 1080, 2412) mAppBounds=Rect(0, 96 - 1080, 2412) mMaxBounds=Rect(0, 0 - 1080, 2412) mDisplayRotation=ROTATION_0 mWindowingMode=fullscreen mDisplayWindowingMode=fullscreen mActivityType=undefined mAlwaysOnTop=undefined mRotation=ROTATION_0} s.49 fontWeightAdjustment=0mThemeChanged= 1, mThemeChangedFlags= 11, mFlipFont= 0, mAccessibleChanged= -1, mUxIconConfig= 3468918229168107792, mMaterialColor= 100004, mUserId= 0, mFontUserId= 0, mFontVariationSettings= 226, mFoldingAngle = -1.0, mIconPackName= , mDarkModeBackgroundMaxL= 8.0, mDarkModeDialogBgMaxL= 27.0, mDarkModeForegroundMinL= 100.0, mOplusConfigType= 1, mOplusChangedConfigs= 0, OpSans= 0, mBurmeseFontFlag= 2, mFlag= 0, mPuttDisplayFlag= -1} 
11-04 08:36:45.642 18639 18639 I ConfigurationController: android.app.ConfigurationController.handleConfigurationChanged:158 android.app.ActivityThread$H.handleMessage:2353 android.os.Handler.dispatchMessage:106 android.os.Looper.loopOnce:240 android.os.Looper.loop:351 android.app.ActivityThread.main:8422 java.lang.reflect.Method.invoke:-2 com.android.internal.os.RuntimeInit$MethodAndArgsCaller.run:584 com.android.internal.os.ZygoteInit.main:1013 <bottom of call stack> 
--------- beginning of main
11-04 08:36:48.285 18639 18639 D VRI[MainActivity]: onFocusEvent false
11-04 08:36:48.285 18639 18639 D VRI[MainActivity]: send msg MSG_WINDOW_FOCUS_CHANGED with caller android.view.ViewRootImplExtImpl.markAndDumpWindowFocusChangeMsg:956 android.view.ViewRootImpl.windowFocusChanged:9837 android.view.ViewRootImpl$WindowInputEventReceiver.onFocusEvent:9550 android.os.MessageQueue.nativePollOnce:-2 android.os.MessageQueue.next:349 android.os.Looper.loopOnce:186 android.os.Looper.loop:351 android.app.ActivityThread.main:8422 java.lang.reflect.Method.invoke:-2 com.android.internal.os.RuntimeInit$MethodAndArgsCaller.run:584 com.android.internal.os.ZygoteInit.main:1013 <bottom of call stack> <bottom of call stack> <bottom of call stack> <bottom of call stack> <bottom of call stack> <bottom of call stack> <bottom of call stack> <bottom of call stack> <bottom of call stack> 
11-04 08:36:48.285 18639 18639 D VRI[MainActivity]: handleWindowFocusChanged mWindowFocusChanged true mUpcomingWindowFocus false mAdded true
11-04 08:36:49.063 18639 21750 D VRI[MainActivity]: dispatchAppVisibility visible:false
11-04 08:36:49.074 18639 18639 D OpenGLRenderer: RenderProxy::destroy: this=0xb400007addbb1800, mContext=0xb400007ad2f06180
11-04 08:36:49.074 18639 21770 D OpenGLRenderer: SkiaOpenGLPipeline::setSurface: this=0xb400007b37e79100, surface=NULL
11-04 08:36:49.075 18639 21770 D BufferQueueProducer: [VRI[MainActivity]#5(BLAST Consumer)5](id:48cf00000005,api:1,p:18639,c:18639) disconnect: api 1
11-04 08:36:49.080 18639 18639 D BufferQueueConsumer: [VRI[MainActivity]#5(BLAST Consumer)5](id:48cf00000005,api:0,p:-1,c:18639) disconnect
11-04 08:36:49.082 18639 18639 D VRI[MainActivity]: setWindowStopped stopped:true
11-04 08:36:49.286 18639 18639 D OplusScrollToTopManager: org.moedog.ehviewer/com.hippo.ehviewer.ui.MainActivity,This DecorView@42116fd[MainActivity] change focus to false
11-04 08:36:51.652 23642 23642 E moedog.ehviewer: Unknown bits set in runtime_flags: 0x40000000
11-04 08:36:51.655 23642 23642 E moedog.ehviewer: Not starting debugger since process cannot load the jdwp agent.
11-04 08:36:51.657 23642 23642 W libc    : Access denied finding property "persist.vendor.sys.activitylog"
11-04 08:36:51.658 23642 23642 I OneTrace: Mark active for pid=23642? true
11-04 08:36:51.658 23642 23642 D cutils-dev: otrace_set_tracing_enabled? true
11-04 08:36:51.671 23642 27836 D cutils-dev: properties changed in otrace_seq_number_changed!
11-04 08:36:51.674 23642 27836 D ColorModeChangeItem: preExecute mColorMode=0,token=android.os.BinderProxy@f277dc7
11-04 08:36:51.678 23642 23642 D CompatibilityChangeReporter: Compat change id reported: 171979766; UID 10499; state: ENABLED
11-04 08:36:51.678 23642 23642 I oplus.android.OplusFrameworkFactoryImpl: get feature:IOplusAutoResolutionFeature
11-04 08:36:51.678 23642 23642 I oplus.android.OplusFrameworkFactoryImpl: getOplusAutoResolutionFeature
11-04 08:36:51.681 23642 23642 I OplusFeatureCache: Milliseconds spent on init(): 3
11-04 08:36:51.681 23642 23642 D CompactWindowAppManager: initCompactApplicationInfo CompactMode: , NormalMode: 
11-04 08:36:51.686 23642 23642 W libc    : Access denied finding property "ro.odm.prev.product.name"
11-04 08:36:51.687 23642 23642 D LoadedApk: mApplicationInfo overrideDisplayId:null
11-04 08:36:51.697 23642 23642 V GraphicsEnvironment: ANGLE Developer option for 'org.moedog.ehviewer' set to: 'default'
11-04 08:36:51.697 23642 23642 V GraphicsEnvironment: ANGLE GameManagerService for org.moedog.ehviewer: false
11-04 08:36:51.698 23642 23642 V GraphicsEnvironment: App is not on the allowlist for updatable production driver.
11-04 08:36:51.699 23642 23642 D NetworkSecurityConfig: Using Network Security Config from resource network_security_config debugBuild: false
11-04 08:36:51.699 23642 23642 D NetworkSecurityConfig: Using Network Security Config from resource network_security_config debugBuild: false
11-04 08:36:51.701 23642 23642 D ExtensionsLoader: createInstance(64bit) : createExtendedFactory
11-04 08:36:51.701 23642 23642 D ExtensionsLoader: Opened libSchedAssistExtImpl.so
11-04 08:36:51.701 23642 23642 E SchedAssist: sysOpen failed with error=Permission denied
11-04 08:36:51.702 23642 23642 E SchedAssist: sharedImFd failed with error=Permission denied
11-04 08:36:51.703 23642 23642 D OplusGraphicsEvent: OplusGraphicsEventListener create now!
11-04 08:36:51.704 23642 23642 D OplusGraphicsEvent: addEventListener success!
11-04 08:36:51.713 23642 23642 D OplusActivityManager: get AMS extension: android.os.BinderProxy@41fb753
11-04 08:36:51.714 23642 23642 I ConfigurationController: handleConfigurationChanged: true, config: {1.0 ??mcc??mnc [zh_CN] ldltr sw360dp w360dp h772dp 480dpi nrml long hdr widecg port finger -keyb/h/h -nav/h winConfig={ mBounds=Rect(0, 0 - 1080, 2412) mAppBounds=Rect(0, 96 - 1080, 2412) mMaxBounds=Rect(0, 0 - 1080, 2412) mDisplayRotation=ROTATION_0 mWindowingMode=fullscreen mDisplayWindowingMode=fullscreen mActivityType=undefined mAlwaysOnTop=undefined mRotation=ROTATION_0} s.175 fontWeightAdjustment=0mThemeChanged= 1, mThemeChangedFlags= 11, mFlipFont= 0, mAccessibleChanged= -1, mUxIconConfig= 3468918229168107792, mMaterialColor= 100004, mUserId= 0, mFontUserId= 0, mFontVariationSettings= 226, mFoldingAngle = -1.0, mIconPackName= , mDarkModeBackgroundMaxL= 8.0, mDarkModeDialogBgMaxL= 27.0, mDarkModeForegroundMinL= 100.0, mOplusConfigType= 1, mOplusChangedConfigs= 0, OpSans= 0, mBurmeseFontFlag= 2, mFlag= 0, mPuttDisplayFlag= -1} 
11-04 08:36:51.714 23642 23642 I ConfigurationController: , curconfig: {1.0 ??mcc??mnc [zh_CN] ldltr sw360dp w360dp h772dp 480dpi nrml long hdr widecg port finger -keyb/h/h -nav/h winConfig={ mBounds=Rect(0, 0 - 1080, 2412) mAppBounds=Rect(0, 96 - 1080, 2412) mMaxBounds=Rect(0, 0 - 1080, 2412) mDisplayRotation=ROTATION_0 mWindowingMode=fullscreen mDisplayWindowingMode=fullscreen mActivityType=undefined mAlwaysOnTop=undefined mRotation=ROTATION_0} s.175 fontWeightAdjustment=0mThemeChanged= 1, mThemeChangedFlags= 11, mFlipFont= 0, mAccessibleChanged= -1, mUxIconConfig= 3468918229168107792, mMaterialColor= 100004, mUserId= 0, mFontUserId= 0, mFontVariationSettings= 226, mFoldingAngle = -1.0, mIconPackName= , mDarkModeBackgroundMaxL= 8.0, mDarkModeDialogBgMaxL= 27.0, mDarkModeForegroundMinL= 100.0, mOplusConfigType= 1, mOplusChangedConfigs= 0, OpSans= 0, mBurmeseFontFlag= 2, mFlag= 0, mPuttDisplayFlag= -1} 
11-04 08:36:51.714 23642 23642 I ConfigurationController: android.app.ActivityThread.handleLaunchActivity:4003 android.app.servertransaction.LaunchActivityItem.execute:111 android.app.servertransaction.TransactionExecutor.executeCallbacks:135 android.app.servertransaction.TransactionExecutor.execute:95 android.app.ActivityThread$H.handleMessage:2474 android.os.Handler.dispatchMessage:106 android.os.Looper.loopOnce:240 android.os.Looper.loop:351 android.app.ActivityThread.main:8422 java.lang.reflect.Method.invoke:-2 
11-04 08:36:51.722 23642 23642 I AppCompatDelegate: The Activity's LayoutInflater already has a Factory installed so we can not install AppCompat's
11-04 08:36:51.724 23642 27858 E moedog.ehviewer: Loaded layer handle (3903225466281392189) for layer /my_product/lib64/libcolorx-loader.so
11-04 08:36:51.724 23642 27858 E moedog.ehviewer: Looking for entrypoint ColorX_Check
11-04 08:36:51.724 23642 27858 E moedog.ehviewer: Found ColorX_Check for /my_product/lib64/libcolorx-loader.so
11-04 08:36:51.724 23642 27844 W ziparchive: Unable to open '/data/app/~~gk2mQB2bdYZuKu50_eZp3Q==/com.google.android.trichromelibrary_579016633-NqkzbFrQ88vk2mvcYSDrlQ==/base.dm': No such file or directory
11-04 08:36:51.724 23642 27858 E moedog.ehviewer: Check failed
11-04 08:36:51.725 23642 27844 W ziparchive: Unable to open '/data/app/~~gk2mQB2bdYZuKu50_eZp3Q==/com.google.android.trichromelibrary_579016633-NqkzbFrQ88vk2mvcYSDrlQ==/base.dm': No such file or directory
11-04 08:36:51.725 23642 27844 W moedog.ehviewer: Entry not found
11-04 08:36:51.726 23642 23642 I oplus.android.OplusFrameworkFactoryImpl: Unknow feature:IOplusTextViewRTLUtilForUG
11-04 08:36:51.729 23642 23642 D OplusWindowManager: get WMS extension: android.os.BinderProxy@d2c0faa
11-04 08:36:51.732 23642 23642 D ScrollOptimizationHelper: can't find the config file for optimizaiton
11-04 08:36:51.732 23642 23642 D ScrollOptimizationHelper: will not debug for debug is false
11-04 08:36:51.732 23642 23642 I oplus.android.OplusFrameworkFactoryImpl: get feature:IOplusDynamicVsyncFeature
11-04 08:36:51.732 23642 23642 I oplus.android.OplusFrameworkFactoryImpl: get feature:IOplusDynamicVsyncFeature
11-04 08:36:51.732 23642 23642 I oplus.android.OplusFrameworkFactoryImpl: get feature:IOplusDynamicVsyncFeature
11-04 08:36:51.733 23642 23642 I oplus.android.OplusFrameworkFactoryImpl: get feature:IOplusDynamicVsyncFeature
11-04 08:36:51.733 23642 23642 I oplus.android.OplusFrameworkFactoryImpl: get feature:IOplusDynamicVsyncFeature
11-04 08:36:51.733 23642 23642 I oplus.android.OplusFrameworkFactoryImpl: get feature:IOplusDynamicVsyncFeature
11-04 08:36:51.737 23642 23642 I oplus.android.OplusFrameworkFactoryImpl: get feature:IOplusDynamicVsyncFeature
11-04 08:36:51.737 23642 23642 I oplus.android.OplusFrameworkFactoryImpl: get feature:IOplusDynamicVsyncFeature
11-04 08:36:51.737 23642 23642 I oplus.android.OplusFrameworkFactoryImpl: get feature:IOplusDynamicVsyncFeature
11-04 08:36:51.738 23642 23642 I DynamicFramerate [FRTCConfigManager]: initFrameRateConfig: 
11-04 08:36:51.738 23642 23642 I DynamicFramerate [FRTCConfigManager]: 	levels: [120, 60, 40, 30]
11-04 08:36:51.738 23642 23642 I DynamicFramerate [FRTCConfigManager]: 	thresholds: [400, 80, 30]
11-04 08:36:51.738 23642 23642 I DynamicFramerate [FRTCConfigManager]: 	scrollbar fade frame rate: 0
11-04 08:36:51.738 23642 23642 I DynamicFramerate [FRTCConfigManager]: FRTCConfigManager: FRTC_CAPABILITY = 120, package name = org.moedog.ehviewer, PACKAGE_ENABLE = false
11-04 08:36:51.738 23642 23642 I DynamicFramerate [DynamicFrameRateController]: init info: mPackageName = org.moedog.ehviewer, mIsEnabled = false
11-04 08:36:51.744 23642 23642 E OplusCustomizeRestrictionManager: sInstance is null, start a new sInstance
11-04 08:36:51.745 23642 23642 D CompatibilityChangeReporter: Compat change id reported: 210923482; UID 10499; state: ENABLED
11-04 08:36:51.745 23642 27844 I WebViewFactory: Loading com.google.android.webview version 115.0.5790.166 (code 579016633)
11-04 08:36:51.756 23642 27844 I cr_WVCFactoryProvider: Loaded version=115.0.5790.166 minSdkVersion=29 isBundle=true multiprocess=true packageId=2
11-04 08:36:51.761 23642 23642 I oplus.android.OplusFrameworkFactoryImpl: get feature:IOplusDynamicVsyncFeature
11-04 08:36:51.761 23642 23642 I oplus.android.OplusFrameworkFactoryImpl: get feature:IOplusDynamicVsyncFeature
11-04 08:36:51.761 23642 23642 I oplus.android.OplusFrameworkFactoryImpl: get feature:IOplusDynamicVsyncFeature
11-04 08:36:51.762 23642 23642 I oplus.android.OplusFrameworkFactoryImpl: get feature:IOplusDynamicVsyncFeature
11-04 08:36:51.763 23642 23642 I oplus.android.OplusFrameworkFactoryImpl: get feature:IOplusDynamicVsyncFeature
11-04 08:36:51.763 23642 23642 I oplus.android.OplusFrameworkFactoryImpl: get feature:IOplusDynamicVsyncFeature
11-04 08:36:51.768 23642 27844 I cr_LibraryLoader: Successfully loaded native library
11-04 08:36:51.768 23642 27844 I cr_CachingUmaRecorder: Flushed 7 samples from 7 histograms, 0 samples were dropped.
11-04 08:36:51.783 23642 23642 D OplusInputMethodUtil: init sDebug to false, init sDebugIme to false, init sAlwaysOn to false
11-04 08:36:51.783 23642 23642 D OplusInputMethodUtil: updateDebugToClass InputMethodManager.DEBUG = false
11-04 08:36:51.783 23642 23642 D OplusInputMethodUtil: updateDebugToClass ImeFocusController.DEBUG = false
11-04 08:36:51.783 23642 23642 D OplusInputMethodUtil: updateDebugToClass BaseInputConnection.DEBUG = false
11-04 08:36:51.783 23642 23642 D OplusInputMethodUtil: updateDebugToClass ImeFocusController.sDebugIme = false
11-04 08:36:51.790 23642 23642 D CompatibilityChangeReporter: Compat change id reported: 171228096; UID 10499; state: ENABLED
11-04 08:36:51.790 23642 23642 I oplus.android.OplusFrameworkFactoryImpl: get feature:IOplusDynamicVsyncFeature
11-04 08:36:51.790 23642 23642 I oplus.android.OplusFrameworkFactoryImpl: get feature:IOplusDynamicVsyncFeature
11-04 08:36:51.790 23642 23642 I oplus.android.OplusFrameworkFactoryImpl: get feature:IOplusDynamicVsyncFeature
11-04 08:36:51.795 23642 23642 I oplus.android.OplusFrameworkFactoryImpl: get feature:IOplusDynamicVsyncFeature
11-04 08:36:51.795 23642 23642 I oplus.android.OplusFrameworkFactoryImpl: get feature:IOplusDynamicVsyncFeature
11-04 08:36:51.795 23642 23642 I oplus.android.OplusFrameworkFactoryImpl: get feature:IOplusDynamicVsyncFeature
11-04 08:36:51.801 23642 27844 D EhEngine: https://exhentai.org/
11-04 08:36:51.803 23642 23642 I oplus.android.OplusFrameworkFactoryImpl: get feature:IOplusDynamicVsyncFeature
11-04 08:36:51.803 23642 23642 I oplus.android.OplusFrameworkFactoryImpl: get feature:IOplusDynamicVsyncFeature
11-04 08:36:51.803 23642 23642 I oplus.android.OplusFrameworkFactoryImpl: get feature:IOplusDynamicVsyncFeature
11-04 08:36:51.810 23642 23642 D ExtensionsLoader: createInstance(64bit) : createExtendedFactory
11-04 08:36:51.810 23642 23642 D ExtensionsLoader: Opened libguiextimpl.so
11-04 08:36:51.811 23642 27869 I OplusSlideAnimOptHelper: checkListMode: is blacklist mode = true
11-04 08:36:51.812 23642 23642 D WindowManager: Add to mViews: DecorView@35cb643[MainActivity],pkg= org.moedog.ehviewer
11-04 08:36:51.812 23642 27847 D ExtensionsLoader: createInstance(64bit) : createExtendedFactory
11-04 08:36:51.812 23642 27847 D ExtensionsLoader: Opened libhwuiextimpl.so
11-04 08:36:51.813 23642 23642 D ExtensionsLoader: createInstance(64bit) : createExtendedFactory
11-04 08:36:51.813 23642 23642 D ExtensionsLoader: Opened libSchedAssistExtImpl.so
11-04 08:36:51.820 23642 23642 D InputEventReceiver: Input log is disabled
11-04 08:36:51.821 23642 23642 I Quality : Skipped: false 1 cost 12.826771 refreshRate 8338961 bit true processName org.moedog.ehviewer
11-04 08:36:51.821 23642 23642 E OplusBracketLog: [OplusViewMirrorManager] updateHostViewRootIfNeeded, not support android.view.ViewRootImpl@b73ab4a
11-04 08:36:51.834 23642 23642 D BufferQueueConsumer: [](id:5c5a00000000,api:0,p:-1,c:23642) connect: controlledByApp=false
11-04 08:36:51.835 23642 23642 D ExtensionsLoader: createInstance(64bit) : createExtendedFactory
11-04 08:36:51.835 23642 23642 D ExtensionsLoader: Opened libSchedAssistExtImpl.so
11-04 08:36:51.836 23642 27847 I AdrenoGLES-0: QUALCOMM build                   : 5a9022f91f, Ib11adbd47c
11-04 08:36:51.836 23642 27847 I AdrenoGLES-0: Build Date                       : 07/26/21
11-04 08:36:51.836 23642 27847 I AdrenoGLES-0: OpenGL ES Shader Compiler Version: EV031.35.01.09
11-04 08:36:51.836 23642 27847 I AdrenoGLES-0: Local Branch                     : 
11-04 08:36:51.836 23642 27847 I AdrenoGLES-0: Remote Branch                    : 
11-04 08:36:51.836 23642 27847 I AdrenoGLES-0: Remote Branch                    : 
11-04 08:36:51.836 23642 27847 I AdrenoGLES-0: Reconstruct Branch               : 
11-04 08:36:51.836 23642 27847 I AdrenoGLES-0: Build Config                     : S P 10.0.7 AArch64
11-04 08:36:51.836 23642 27847 I AdrenoGLES-0: Driver Path                      : /vendor/lib64/egl/libGLESv2_adreno.so
11-04 08:36:51.840 23642 27847 I AdrenoGLES-0: PFP: 0x016dc094, ME: 0x00000000
11-04 08:36:51.846 23642 23642 W RecyclerView: No adapter attached; skipping layout
11-04 08:36:51.848 23642 23642 D VRI[MainActivity]: registerCallbacksForSync syncBuffer=false
11-04 08:36:51.848 23642 27847 D skia    : GrGLMakeAssembledInterface verStr OpenGL ES 3.2 V@0530.0 (GIT@5a9022f91f, Ib11adbd47c, 1627309424) (Date:07/26/21)
11-04 08:36:51.848 23642 27847 D skia    : GrGLMakeAssembledGLESInterface verStr OpenGL ES 3.2 V@0530.0 (GIT@5a9022f91f, Ib11adbd47c, 1627309424) (Date:07/26/21)
11-04 08:36:51.848 23642 27847 D skia    : extensions init verString=OpenGL ES 3.2 V@0530.0 (GIT@5a9022f91f, Ib11adbd47c, 1627309424) (Date:07/26/21)
11-04 08:36:51.853 23642 27847 D BufferQueueProducer: [VRI[MainActivity]#0(BLAST Consumer)0](id:5c5a00000000,api:1,p:23642,c:23642) connect: api=1 producerControlledByApp=true
11-04 08:36:51.866 23642 27847 D VRI[MainActivity]: Received frameCommittedCallback lastAttemptedDrawFrameNum=1 didProduceBuffer=true syncBuffer=false
11-04 08:36:51.867 23642 27847 W Parcel  : Expecting binder but got null!
11-04 08:36:51.868 23642 23642 D VRI[MainActivity]: draw finished.
11-04 08:36:51.874 23642 23642 I Quality : Skipped: false 5 cost 48.874935 refreshRate 8340200 bit true processName org.moedog.ehviewer
11-04 08:36:51.884 23642 23642 D VRI[MainActivity]: onFocusEvent true
11-04 08:36:51.884 23642 23642 D VRI[MainActivity]: send msg MSG_WINDOW_FOCUS_CHANGED with caller android.view.ViewRootImplExtImpl.markAndDumpWindowFocusChangeMsg:956 android.view.ViewRootImpl.windowFocusChanged:9837 android.view.ViewRootImpl$WindowInputEventReceiver.onFocusEvent:9550 android.os.MessageQueue.nativePollOnce:-2 android.os.MessageQueue.next:349 android.os.Looper.loopOnce:186 android.os.Looper.loop:351 android.app.ActivityThread.main:8422 java.lang.reflect.Method.invoke:-2 com.android.internal.os.RuntimeInit$MethodAndArgsCaller.run:584 com.android.internal.os.ZygoteInit.main:1013 <bottom of call stack> <bottom of call stack> <bottom of call stack> <bottom of call stack> <bottom of call stack> <bottom of call stack> <bottom of call stack> <bottom of call stack> <bottom of call stack> 
11-04 08:36:51.887 23642 23642 I Quality : Skipped: false 1 cost 12.389878 refreshRate 8341515 bit true processName org.moedog.ehviewer
11-04 08:36:51.888 23642 23642 D VRI[MainActivity]: registerCallbacksForSync syncBuffer=false
11-04 08:36:51.890 23642 27847 D VRI[MainActivity]: Received frameCommittedCallback lastAttemptedDrawFrameNum=3 didProduceBuffer=true syncBuffer=false
11-04 08:36:51.890 23642 23642 D VRI[MainActivity]: draw finished.
11-04 08:36:51.890 23642 23642 D VRI[MainActivity]: handleWindowFocusChanged mWindowFocusChanged true mUpcomingWindowFocus true mAdded true
11-04 08:36:52.029 23642 27883 D TrafficStats: tagSocket(105) with statsTag=0xffffffff, statsUid=-1
11-04 08:36:52.209 23642 23642 D VRI[MainActivity]: handleWindowFocusChanged mWindowFocusChanged false mUpcomingWindowFocus true mAdded true
11-04 08:36:52.234 23642 23642 D VRI[MainActivity]: handleWindowFocusChanged mWindowFocusChanged false mUpcomingWindowFocus true mAdded true
11-04 08:36:52.243 23642 23642 D VRI[MainActivity]: handleWindowFocusChanged mWindowFocusChanged false mUpcomingWindowFocus true mAdded true
11-04 08:36:52.251 23642 23642 D VRI[MainActivity]: handleWindowFocusChanged mWindowFocusChanged false mUpcomingWindowFocus true mAdded true
11-04 08:36:52.259 23642 23642 D VRI[MainActivity]: handleWindowFocusChanged mWindowFocusChanged false mUpcomingWindowFocus true mAdded true
11-04 08:36:52.267 23642 23642 D VRI[MainActivity]: handleWindowFocusChanged mWindowFocusChanged false mUpcomingWindowFocus true mAdded true
11-04 08:36:52.276 23642 23642 D VRI[MainActivity]: handleWindowFocusChanged mWindowFocusChanged false mUpcomingWindowFocus true mAdded true
11-04 08:36:52.280 23642 27885 D TrafficStats: tagSocket(152) with statsTag=0xffffffff, statsUid=-1
11-04 08:36:52.284 23642 23642 D VRI[MainActivity]: handleWindowFocusChanged mWindowFocusChanged false mUpcomingWindowFocus true mAdded true
11-04 08:36:52.293 23642 23642 D VRI[MainActivity]: handleWindowFocusChanged mWindowFocusChanged false mUpcomingWindowFocus true mAdded true
11-04 08:36:52.295 23642 23642 D OplusInputMethodManagerInternal: get inputMethodManager extension: com.android.internal.view.IInputMethodManager$Stub$Proxy@8a9fa54
11-04 08:36:52.296 23642 23642 D VRI[MainActivity]: handleWindowFocusChanged mWindowFocusChanged false mUpcomingWindowFocus true mAdded true
11-04 08:36:52.586 23642 23642 W OnBackInvokedCallback: OnBackInvokedCallback is not enabled for the application.
11-04 08:36:52.586 23642 23642 W OnBackInvokedCallback: Set 'android:enableOnBackInvokedCallback="true"' in the application manifest.
11-04 08:36:52.803 23642 23642 D VRI[MainActivity]: handleWindowFocusChanged mWindowFocusChanged false mUpcomingWindowFocus true mAdded true
11-04 08:36:52.818 23642 23642 D VRI[MainActivity]: handleWindowFocusChanged mWindowFocusChanged false mUpcomingWindowFocus true mAdded true
11-04 08:36:52.852 23642 23642 D VRI[MainActivity]: handleWindowFocusChanged mWindowFocusChanged false mUpcomingWindowFocus true mAdded true
11-04 08:36:52.860 23642 23642 D VRI[MainActivity]: handleWindowFocusChanged mWindowFocusChanged false mUpcomingWindowFocus true mAdded true
11-04 08:36:52.863 23642 23642 D VRI[MainActivity]: handleWindowFocusChanged mWindowFocusChanged false mUpcomingWindowFocus true mAdded true
11-04 08:36:52.870 23642 23642 W OnBackInvokedCallback: OnBackInvokedCallback is not enabled for the application.
11-04 08:36:52.870 23642 23642 W OnBackInvokedCallback: Set 'android:enableOnBackInvokedCallback="true"' in the application manifest.
11-04 08:36:52.893 23642 23642 I oplus.android.OplusFrameworkFactoryImpl: get feature:IOplusDynamicVsyncFeature
11-04 08:36:52.893 23642 23642 I oplus.android.OplusFrameworkFactoryImpl: get feature:IOplusDynamicVsyncFeature
11-04 08:36:52.893 23642 23642 I oplus.android.OplusFrameworkFactoryImpl: get feature:IOplusDynamicVsyncFeature
11-04 08:36:52.898 23642 23642 I oplus.android.OplusFrameworkFactoryImpl: get feature:IOplusDynamicVsyncFeature
11-04 08:36:52.898 23642 23642 I oplus.android.OplusFrameworkFactoryImpl: get feature:IOplusDynamicVsyncFeature
11-04 08:36:52.898 23642 23642 I oplus.android.OplusFrameworkFactoryImpl: get feature:IOplusDynamicVsyncFeature
11-04 08:36:52.907 23642 23642 I Quality : Skipped: false 2 cost 23.191307 refreshRate 8336739 bit true processName org.moedog.ehviewer
11-04 08:36:52.952 23642 23642 D OplusScrollToTopManager: org.moedog.ehviewer/com.hippo.ehviewer.ui.MainActivity,This DecorView@35cb643[MainActivity] change focus to true
11-04 08:36:52.953 23642 23642 I Quality : Skipped: false 5 cost 43.655422 refreshRate 8337281 bit true processName org.moedog.ehviewer
11-04 08:36:53.196 23642 23642 D CursorFeedback: editorDetachFromWindow android.widget.Editor@b3daa12
11-04 08:36:53.371 23642 23642 D VRI[MainActivity]: handleWindowFocusChanged mWindowFocusChanged false mUpcomingWindowFocus true mAdded true
11-04 08:36:53.394 23642 23642 D VRI[MainActivity]: handleWindowFocusChanged mWindowFocusChanged false mUpcomingWindowFocus true mAdded true
11-04 08:36:53.402 23642 23642 D VRI[MainActivity]: handleWindowFocusChanged mWindowFocusChanged false mUpcomingWindowFocus true mAdded true
11-04 08:36:53.411 23642 23642 D VRI[MainActivity]: handleWindowFocusChanged mWindowFocusChanged false mUpcomingWindowFocus true mAdded true
11-04 08:36:53.418 23642 23642 D VRI[MainActivity]: handleWindowFocusChanged mWindowFocusChanged false mUpcomingWindowFocus true mAdded true
11-04 08:36:53.427 23642 23642 D VRI[MainActivity]: handleWindowFocusChanged mWindowFocusChanged false mUpcomingWindowFocus true mAdded true
11-04 08:36:53.435 23642 23642 D VRI[MainActivity]: handleWindowFocusChanged mWindowFocusChanged false mUpcomingWindowFocus true mAdded true
11-04 08:36:53.443 23642 23642 D VRI[MainActivity]: handleWindowFocusChanged mWindowFocusChanged false mUpcomingWindowFocus true mAdded true
11-04 08:36:53.448 23642 23642 D VRI[MainActivity]: handleWindowFocusChanged mWindowFocusChanged false mUpcomingWindowFocus true mAdded true
11-04 08:36:54.510 23642 23642 D VRI[MainActivity]: handleWindowFocusChanged mWindowFocusChanged false mUpcomingWindowFocus true mAdded true
11-04 08:36:54.522 23642 23642 D VRI[MainActivity]: handleWindowFocusChanged mWindowFocusChanged false mUpcomingWindowFocus true mAdded true
11-04 08:36:54.569 23642 23642 D VRI[MainActivity]: handleWindowFocusChanged mWindowFocusChanged false mUpcomingWindowFocus true mAdded true
11-04 08:36:54.578 23642 23642 D VRI[MainActivity]: handleWindowFocusChanged mWindowFocusChanged false mUpcomingWindowFocus true mAdded true
11-04 08:36:54.588 23642 23642 D VRI[MainActivity]: handleWindowFocusChanged mWindowFocusChanged false mUpcomingWindowFocus true mAdded true
11-04 08:36:54.594 23642 23642 D VRI[MainActivity]: handleWindowFocusChanged mWindowFocusChanged false mUpcomingWindowFocus true mAdded true
11-04 08:36:54.603 23642 23642 D VRI[MainActivity]: handleWindowFocusChanged mWindowFocusChanged false mUpcomingWindowFocus true mAdded true
11-04 08:36:54.611 23642 23642 D VRI[MainActivity]: handleWindowFocusChanged mWindowFocusChanged false mUpcomingWindowFocus true mAdded true
11-04 08:36:54.618 23642 23642 D VRI[MainActivity]: handleWindowFocusChanged mWindowFocusChanged false mUpcomingWindowFocus true mAdded true
11-04 08:36:54.627 23642 23642 D VRI[MainActivity]: handleWindowFocusChanged mWindowFocusChanged false mUpcomingWindowFocus true mAdded true
11-04 08:36:54.635 23642 23642 D VRI[MainActivity]: handleWindowFocusChanged mWindowFocusChanged false mUpcomingWindowFocus true mAdded true
11-04 08:36:54.643 23642 23642 D VRI[MainActivity]: handleWindowFocusChanged mWindowFocusChanged false mUpcomingWindowFocus true mAdded true
11-04 08:36:54.652 23642 23642 D VRI[MainActivity]: handleWindowFocusChanged mWindowFocusChanged false mUpcomingWindowFocus true mAdded true
11-04 08:36:54.660 23642 23642 D VRI[MainActivity]: handleWindowFocusChanged mWindowFocusChanged false mUpcomingWindowFocus true mAdded true
11-04 08:36:54.669 23642 23642 D VRI[MainActivity]: handleWindowFocusChanged mWindowFocusChanged false mUpcomingWindowFocus true mAdded true
11-04 08:36:54.677 23642 23642 D VRI[MainActivity]: handleWindowFocusChanged mWindowFocusChanged false mUpcomingWindowFocus true mAdded true
11-04 08:36:54.685 23642 23642 D VRI[MainActivity]: handleWindowFocusChanged mWindowFocusChanged false mUpcomingWindowFocus true mAdded true
11-04 08:36:54.693 23642 23642 D VRI[MainActivity]: handleWindowFocusChanged mWindowFocusChanged false mUpcomingWindowFocus true mAdded true
11-04 08:36:54.702 23642 23642 D VRI[MainActivity]: handleWindowFocusChanged mWindowFocusChanged false mUpcomingWindowFocus true mAdded true
11-04 08:36:54.710 23642 23642 D VRI[MainActivity]: handleWindowFocusChanged mWindowFocusChanged false mUpcomingWindowFocus true mAdded true
11-04 08:36:54.718 23642 23642 D VRI[MainActivity]: handleWindowFocusChanged mWindowFocusChanged false mUpcomingWindowFocus true mAdded true
11-04 08:36:54.727 23642 23642 D VRI[MainActivity]: handleWindowFocusChanged mWindowFocusChanged false mUpcomingWindowFocus true mAdded true
11-04 08:36:54.735 23642 23642 D VRI[MainActivity]: handleWindowFocusChanged mWindowFocusChanged false mUpcomingWindowFocus true mAdded true
11-04 08:36:54.743 23642 23642 D VRI[MainActivity]: handleWindowFocusChanged mWindowFocusChanged false mUpcomingWindowFocus true mAdded true
11-04 08:36:54.752 23642 23642 D VRI[MainActivity]: handleWindowFocusChanged mWindowFocusChanged false mUpcomingWindowFocus true mAdded true
11-04 08:36:54.760 23642 23642 D VRI[MainActivity]: handleWindowFocusChanged mWindowFocusChanged false mUpcomingWindowFocus true mAdded true
11-04 08:36:54.768 23642 23642 D VRI[MainActivity]: handleWindowFocusChanged mWindowFocusChanged false mUpcomingWindowFocus true mAdded true
11-04 08:36:54.777 23642 23642 D VRI[MainActivity]: handleWindowFocusChanged mWindowFocusChanged false mUpcomingWindowFocus true mAdded true
11-04 08:36:54.786 23642 23642 D VRI[MainActivity]: handleWindowFocusChanged mWindowFocusChanged false mUpcomingWindowFocus true mAdded true
11-04 08:36:54.794 23642 23642 D VRI[MainActivity]: handleWindowFocusChanged mWindowFocusChanged false mUpcomingWindowFocus true mAdded true
11-04 08:36:54.802 23642 23642 D VRI[MainActivity]: handleWindowFocusChanged mWindowFocusChanged false mUpcomingWindowFocus true mAdded true
11-04 08:36:54.810 23642 23642 D VRI[MainActivity]: handleWindowFocusChanged mWindowFocusChanged false mUpcomingWindowFocus true mAdded true
11-04 08:36:54.819 23642 23642 D VRI[MainActivity]: handleWindowFocusChanged mWindowFocusChanged false mUpcomingWindowFocus true mAdded true
11-04 08:36:54.820 23642 23642 D VRI[MainActivity]: handleWindowFocusChanged mWindowFocusChanged false mUpcomingWindowFocus true mAdded true
11-04 08:36:55.495 23642 23642 D VRI[MainActivity]: handleWindowFocusChanged mWindowFocusChanged false mUpcomingWindowFocus true mAdded true
11-04 08:36:55.522 23642 23642 D VRI[MainActivity]: handleWindowFocusChanged mWindowFocusChanged false mUpcomingWindowFocus true mAdded true
11-04 08:36:55.536 23642 23642 D VRI[MainActivity]: handleWindowFocusChanged mWindowFocusChanged false mUpcomingWindowFocus true mAdded true
11-04 08:36:55.545 23642 23642 D VRI[MainActivity]: handleWindowFocusChanged mWindowFocusChanged false mUpcomingWindowFocus true mAdded true
11-04 08:36:55.553 23642 23642 D VRI[MainActivity]: handleWindowFocusChanged mWindowFocusChanged false mUpcomingWindowFocus true mAdded true
11-04 08:36:55.561 23642 23642 D VRI[MainActivity]: handleWindowFocusChanged mWindowFocusChanged false mUpcomingWindowFocus true mAdded true
11-04 08:36:55.569 23642 23642 D VRI[MainActivity]: handleWindowFocusChanged mWindowFocusChanged false mUpcomingWindowFocus true mAdded true
11-04 08:36:55.577 23642 23642 D VRI[MainActivity]: handleWindowFocusChanged mWindowFocusChanged false mUpcomingWindowFocus true mAdded true
11-04 08:36:55.585 23642 23642 D VRI[MainActivity]: handleWindowFocusChanged mWindowFocusChanged false mUpcomingWindowFocus true mAdded true
11-04 08:36:55.594 23642 23642 D VRI[MainActivity]: handleWindowFocusChanged mWindowFocusChanged false mUpcomingWindowFocus true mAdded true
11-04 08:36:55.602 23642 23642 D VRI[MainActivity]: handleWindowFocusChanged mWindowFocusChanged false mUpcomingWindowFocus true mAdded true
11-04 08:36:55.611 23642 23642 D VRI[MainActivity]: handleWindowFocusChanged mWindowFocusChanged false mUpcomingWindowFocus true mAdded true
11-04 08:36:55.618 23642 23642 D VRI[MainActivity]: handleWindowFocusChanged mWindowFocusChanged false mUpcomingWindowFocus true mAdded true
11-04 08:36:55.627 23642 23642 D VRI[MainActivity]: handleWindowFocusChanged mWindowFocusChanged false mUpcomingWindowFocus true mAdded true
11-04 08:36:55.635 23642 23642 D VRI[MainActivity]: handleWindowFocusChanged mWindowFocusChanged false mUpcomingWindowFocus true mAdded true
11-04 08:36:55.643 23642 23642 D VRI[MainActivity]: handleWindowFocusChanged mWindowFocusChanged false mUpcomingWindowFocus true mAdded true
11-04 08:36:55.651 23642 23642 D VRI[MainActivity]: handleWindowFocusChanged mWindowFocusChanged false mUpcomingWindowFocus true mAdded true
11-04 08:36:55.660 23642 23642 D VRI[MainActivity]: handleWindowFocusChanged mWindowFocusChanged false mUpcomingWindowFocus true mAdded true
11-04 08:36:55.668 23642 23642 D VRI[MainActivity]: handleWindowFocusChanged mWindowFocusChanged false mUpcomingWindowFocus true mAdded true
11-04 08:36:55.677 23642 23642 D VRI[MainActivity]: handleWindowFocusChanged mWindowFocusChanged false mUpcomingWindowFocus true mAdded true
11-04 08:36:55.685 23642 23642 D VRI[MainActivity]: handleWindowFocusChanged mWindowFocusChanged false mUpcomingWindowFocus true mAdded true
11-04 08:36:55.693 23642 23642 D VRI[MainActivity]: handleWindowFocusChanged mWindowFocusChanged false mUpcomingWindowFocus true mAdded true
11-04 08:36:55.701 23642 23642 D VRI[MainActivity]: handleWindowFocusChanged mWindowFocusChanged false mUpcomingWindowFocus true mAdded true
11-04 08:36:55.710 23642 23642 D VRI[MainActivity]: handleWindowFocusChanged mWindowFocusChanged false mUpcomingWindowFocus true mAdded true
11-04 08:36:55.718 23642 23642 D VRI[MainActivity]: handleWindowFocusChanged mWindowFocusChanged false mUpcomingWindowFocus true mAdded true
11-04 08:36:55.726 23642 23642 D VRI[MainActivity]: handleWindowFocusChanged mWindowFocusChanged false mUpcomingWindowFocus true mAdded true
11-04 08:36:55.735 23642 23642 D VRI[MainActivity]: handleWindowFocusChanged mWindowFocusChanged false mUpcomingWindowFocus true mAdded true
11-04 08:36:55.743 23642 23642 D VRI[MainActivity]: handleWindowFocusChanged mWindowFocusChanged false mUpcomingWindowFocus true mAdded true
11-04 08:36:55.752 23642 23642 D VRI[MainActivity]: handleWindowFocusChanged mWindowFocusChanged false mUpcomingWindowFocus true mAdded true
11-04 08:36:55.760 23642 23642 D VRI[MainActivity]: handleWindowFocusChanged mWindowFocusChanged false mUpcomingWindowFocus true mAdded true
11-04 08:36:55.768 23642 23642 D VRI[MainActivity]: handleWindowFocusChanged mWindowFocusChanged false mUpcomingWindowFocus true mAdded true
11-04 08:36:55.777 23642 23642 D VRI[MainActivity]: handleWindowFocusChanged mWindowFocusChanged false mUpcomingWindowFocus true mAdded true
11-04 08:36:55.785 23642 23642 D VRI[MainActivity]: handleWindowFocusChanged mWindowFocusChanged false mUpcomingWindowFocus true mAdded true
11-04 08:36:55.793 23642 23642 D VRI[MainActivity]: handleWindowFocusChanged mWindowFocusChanged false mUpcomingWindowFocus true mAdded true
11-04 08:36:55.802 23642 23642 D VRI[MainActivity]: handleWindowFocusChanged mWindowFocusChanged false mUpcomingWindowFocus true mAdded true
11-04 08:36:55.810 23642 23642 D VRI[MainActivity]: handleWindowFocusChanged mWindowFocusChanged false mUpcomingWindowFocus true mAdded true
11-04 08:36:55.818 23642 23642 D VRI[MainActivity]: handleWindowFocusChanged mWindowFocusChanged false mUpcomingWindowFocus true mAdded true
11-04 08:36:55.820 23642 23642 D VRI[MainActivity]: handleWindowFocusChanged mWindowFocusChanged false mUpcomingWindowFocus true mAdded true
11-04 08:36:57.323 23642 27932 D ProfileInstaller: Skipping profile installation for org.moedog.ehviewer
11-04 08:36:57.361 23642 23642 D VRI[MainActivity]: handleWindowFocusChanged mWindowFocusChanged false mUpcomingWindowFocus true mAdded true
11-04 08:36:57.387 23642 23642 D VRI[MainActivity]: handleWindowFocusChanged mWindowFocusChanged false mUpcomingWindowFocus true mAdded true
11-04 08:36:57.407 23642 23642 D VRI[MainActivity]: handleWindowFocusChanged mWindowFocusChanged false mUpcomingWindowFocus true mAdded true
11-04 08:36:57.477 23642 23642 D VRI[MainActivity]: handleWindowFocusChanged mWindowFocusChanged false mUpcomingWindowFocus true mAdded true
11-04 08:36:57.485 23642 23642 D VRI[MainActivity]: handleWindowFocusChanged mWindowFocusChanged false mUpcomingWindowFocus true mAdded true
11-04 08:36:57.493 23642 23642 D VRI[MainActivity]: handleWindowFocusChanged mWindowFocusChanged false mUpcomingWindowFocus true mAdded true
11-04 08:36:57.501 23642 23642 D VRI[MainActivity]: handleWindowFocusChanged mWindowFocusChanged false mUpcomingWindowFocus true mAdded true
11-04 08:36:57.510 23642 23642 D VRI[MainActivity]: handleWindowFocusChanged mWindowFocusChanged false mUpcomingWindowFocus true mAdded true
11-04 08:36:57.518 23642 23642 D VRI[MainActivity]: handleWindowFocusChanged mWindowFocusChanged false mUpcomingWindowFocus true mAdded true
11-04 08:36:57.526 23642 23642 D VRI[MainActivity]: handleWindowFocusChanged mWindowFocusChanged false mUpcomingWindowFocus true mAdded true
11-04 08:36:57.534 23642 23642 D VRI[MainActivity]: handleWindowFocusChanged mWindowFocusChanged false mUpcomingWindowFocus true mAdded true
11-04 08:36:57.543 23642 23642 D VRI[MainActivity]: handleWindowFocusChanged mWindowFocusChanged false mUpcomingWindowFocus true mAdded true
11-04 08:36:57.551 23642 23642 D VRI[MainActivity]: handleWindowFocusChanged mWindowFocusChanged false mUpcomingWindowFocus true mAdded true
11-04 08:36:57.559 23642 23642 D VRI[MainActivity]: handleWindowFocusChanged mWindowFocusChanged false mUpcomingWindowFocus true mAdded true
11-04 08:36:57.568 23642 23642 D VRI[MainActivity]: handleWindowFocusChanged mWindowFocusChanged false mUpcomingWindowFocus true mAdded true
11-04 08:36:57.576 23642 23642 D VRI[MainActivity]: handleWindowFocusChanged mWindowFocusChanged false mUpcomingWindowFocus true mAdded true
11-04 08:36:57.585 23642 23642 D VRI[MainActivity]: handleWindowFocusChanged mWindowFocusChanged false mUpcomingWindowFocus true mAdded true
11-04 08:36:57.593 23642 23642 D VRI[MainActivity]: handleWindowFocusChanged mWindowFocusChanged false mUpcomingWindowFocus true mAdded true
11-04 08:36:57.601 23642 23642 D VRI[MainActivity]: handleWindowFocusChanged mWindowFocusChanged false mUpcomingWindowFocus true mAdded true
11-04 08:36:57.610 23642 23642 D VRI[MainActivity]: handleWindowFocusChanged mWindowFocusChanged false mUpcomingWindowFocus true mAdded true
11-04 08:36:57.618 23642 23642 D VRI[MainActivity]: handleWindowFocusChanged mWindowFocusChanged false mUpcomingWindowFocus true mAdded true
11-04 08:36:57.626 23642 23642 D VRI[MainActivity]: handleWindowFocusChanged mWindowFocusChanged false mUpcomingWindowFocus true mAdded true
11-04 08:36:57.635 23642 23642 D VRI[MainActivity]: handleWindowFocusChanged mWindowFocusChanged false mUpcomingWindowFocus true mAdded true
11-04 08:36:57.643 23642 23642 D VRI[MainActivity]: handleWindowFocusChanged mWindowFocusChanged false mUpcomingWindowFocus true mAdded true
11-04 08:36:57.651 23642 23642 D VRI[MainActivity]: handleWindowFocusChanged mWindowFocusChanged false mUpcomingWindowFocus true mAdded true
11-04 08:36:57.660 23642 23642 D VRI[MainActivity]: handleWindowFocusChanged mWindowFocusChanged false mUpcomingWindowFocus true mAdded true
11-04 08:36:57.668 23642 23642 D VRI[MainActivity]: handleWindowFocusChanged mWindowFocusChanged false mUpcomingWindowFocus true mAdded true
11-04 08:36:57.677 23642 23642 D VRI[MainActivity]: handleWindowFocusChanged mWindowFocusChanged false mUpcomingWindowFocus true mAdded true
11-04 08:36:57.685 23642 23642 D VRI[MainActivity]: handleWindowFocusChanged mWindowFocusChanged false mUpcomingWindowFocus true mAdded true
11-04 08:36:57.693 23642 23642 D VRI[MainActivity]: handleWindowFocusChanged mWindowFocusChanged false mUpcomingWindowFocus true mAdded true
11-04 08:36:57.701 23642 23642 D VRI[MainActivity]: handleWindowFocusChanged mWindowFocusChanged false mUpcomingWindowFocus true mAdded true
11-04 08:36:57.710 23642 23642 D VRI[MainActivity]: handleWindowFocusChanged mWindowFocusChanged false mUpcomingWindowFocus true mAdded true
11-04 08:36:57.718 23642 23642 D VRI[MainActivity]: handleWindowFocusChanged mWindowFocusChanged false mUpcomingWindowFocus true mAdded true
11-04 08:36:57.726 23642 23642 D VRI[MainActivity]: handleWindowFocusChanged mWindowFocusChanged false mUpcomingWindowFocus true mAdded true
11-04 08:36:57.734 23642 23642 D VRI[MainActivity]: handleWindowFocusChanged mWindowFocusChanged false mUpcomingWindowFocus true mAdded true
11-04 08:36:57.743 23642 23642 D VRI[MainActivity]: handleWindowFocusChanged mWindowFocusChanged false mUpcomingWindowFocus true mAdded true
11-04 08:36:57.751 23642 23642 D VRI[MainActivity]: handleWindowFocusChanged mWindowFocusChanged false mUpcomingWindowFocus true mAdded true
11-04 08:36:57.759 23642 23642 D VRI[MainActivity]: handleWindowFocusChanged mWindowFocusChanged false mUpcomingWindowFocus true mAdded true
11-04 08:36:57.768 23642 23642 D VRI[MainActivity]: handleWindowFocusChanged mWindowFocusChanged false mUpcomingWindowFocus true mAdded true
11-04 08:36:57.818 23642 23642 D VRI[MainActivity]: handleWindowFocusChanged mWindowFocusChanged false mUpcomingWindowFocus true mAdded true
11-04 08:36:57.826 23642 23642 D VRI[MainActivity]: handleWindowFocusChanged mWindowFocusChanged false mUpcomingWindowFocus true mAdded true
11-04 08:36:57.835 23642 23642 D VRI[MainActivity]: handleWindowFocusChanged mWindowFocusChanged false mUpcomingWindowFocus true mAdded true
11-04 08:36:57.843 23642 23642 D VRI[MainActivity]: handleWindowFocusChanged mWindowFocusChanged false mUpcomingWindowFocus true mAdded true
11-04 08:36:57.852 23642 23642 D VRI[MainActivity]: handleWindowFocusChanged mWindowFocusChanged false mUpcomingWindowFocus true mAdded true
11-04 08:36:57.860 23642 23642 D VRI[MainActivity]: handleWindowFocusChanged mWindowFocusChanged false mUpcomingWindowFocus true mAdded true
11-04 08:36:57.868 23642 23642 D VRI[MainActivity]: handleWindowFocusChanged mWindowFocusChanged false mUpcomingWindowFocus true mAdded true
11-04 08:36:57.877 23642 23642 D VRI[MainActivity]: handleWindowFocusChanged mWindowFocusChanged false mUpcomingWindowFocus true mAdded true
11-04 08:36:57.885 23642 23642 D VRI[MainActivity]: handleWindowFocusChanged mWindowFocusChanged false mUpcomingWindowFocus true mAdded true
11-04 08:36:57.893 23642 23642 D VRI[MainActivity]: handleWindowFocusChanged mWindowFocusChanged false mUpcomingWindowFocus true mAdded true
11-04 08:36:57.902 23642 23642 D VRI[MainActivity]: handleWindowFocusChanged mWindowFocusChanged false mUpcomingWindowFocus true mAdded true
11-04 08:36:57.910 23642 23642 D VRI[MainActivity]: handleWindowFocusChanged mWindowFocusChanged false mUpcomingWindowFocus true mAdded true
11-04 08:36:57.918 23642 23642 D VRI[MainActivity]: handleWindowFocusChanged mWindowFocusChanged false mUpcomingWindowFocus true mAdded true
11-04 08:36:57.926 23642 23642 D VRI[MainActivity]: handleWindowFocusChanged mWindowFocusChanged false mUpcomingWindowFocus true mAdded true
11-04 08:36:57.935 23642 23642 D VRI[MainActivity]: handleWindowFocusChanged mWindowFocusChanged false mUpcomingWindowFocus true mAdded true
11-04 08:36:57.943 23642 23642 D VRI[MainActivity]: handleWindowFocusChanged mWindowFocusChanged false mUpcomingWindowFocus true mAdded true
11-04 08:36:57.952 23642 23642 D VRI[MainActivity]: handleWindowFocusChanged mWindowFocusChanged false mUpcomingWindowFocus true mAdded true
11-04 08:36:57.960 23642 23642 D VRI[MainActivity]: handleWindowFocusChanged mWindowFocusChanged false mUpcomingWindowFocus true mAdded true
11-04 08:36:57.968 23642 23642 D VRI[MainActivity]: handleWindowFocusChanged mWindowFocusChanged false mUpcomingWindowFocus true mAdded true
11-04 08:36:57.977 23642 23642 D VRI[MainActivity]: handleWindowFocusChanged mWindowFocusChanged false mUpcomingWindowFocus true mAdded true
11-04 08:36:57.985 23642 23642 D VRI[MainActivity]: handleWindowFocusChanged mWindowFocusChanged false mUpcomingWindowFocus true mAdded true
11-04 08:36:57.993 23642 23642 D VRI[MainActivity]: handleWindowFocusChanged mWindowFocusChanged false mUpcomingWindowFocus true mAdded true
11-04 08:36:58.002 23642 23642 D VRI[MainActivity]: handleWindowFocusChanged mWindowFocusChanged false mUpcomingWindowFocus true mAdded true
11-04 08:36:58.010 23642 23642 D VRI[MainActivity]: handleWindowFocusChanged mWindowFocusChanged false mUpcomingWindowFocus true mAdded true
11-04 08:36:58.018 23642 23642 D VRI[MainActivity]: handleWindowFocusChanged mWindowFocusChanged false mUpcomingWindowFocus true mAdded true
11-04 08:36:58.027 23642 23642 D VRI[MainActivity]: handleWindowFocusChanged mWindowFocusChanged false mUpcomingWindowFocus true mAdded true
11-04 08:36:58.035 23642 23642 D VRI[MainActivity]: handleWindowFocusChanged mWindowFocusChanged false mUpcomingWindowFocus true mAdded true
11-04 08:36:58.043 23642 23642 D VRI[MainActivity]: handleWindowFocusChanged mWindowFocusChanged false mUpcomingWindowFocus true mAdded true
11-04 08:36:58.052 23642 23642 D VRI[MainActivity]: handleWindowFocusChanged mWindowFocusChanged false mUpcomingWindowFocus true mAdded true
11-04 08:36:58.060 23642 23642 D VRI[MainActivity]: handleWindowFocusChanged mWindowFocusChanged false mUpcomingWindowFocus true mAdded true
11-04 08:36:58.068 23642 23642 D VRI[MainActivity]: handleWindowFocusChanged mWindowFocusChanged false mUpcomingWindowFocus true mAdded true
11-04 08:36:58.077 23642 23642 D VRI[MainActivity]: handleWindowFocusChanged mWindowFocusChanged false mUpcomingWindowFocus true mAdded true
11-04 08:36:58.085 23642 23642 D VRI[MainActivity]: handleWindowFocusChanged mWindowFocusChanged false mUpcomingWindowFocus true mAdded true
11-04 08:36:58.093 23642 23642 D VRI[MainActivity]: handleWindowFocusChanged mWindowFocusChanged false mUpcomingWindowFocus true mAdded true
11-04 08:36:58.102 23642 23642 D VRI[MainActivity]: handleWindowFocusChanged mWindowFocusChanged false mUpcomingWindowFocus true mAdded true
11-04 08:36:58.110 23642 23642 D VRI[MainActivity]: handleWindowFocusChanged mWindowFocusChanged false mUpcomingWindowFocus true mAdded true
11-04 08:36:58.118 23642 23642 D VRI[MainActivity]: handleWindowFocusChanged mWindowFocusChanged false mUpcomingWindowFocus true mAdded true
11-04 08:36:58.127 23642 23642 D VRI[MainActivity]: handleWindowFocusChanged mWindowFocusChanged false mUpcomingWindowFocus true mAdded true
11-04 08:36:58.135 23642 23642 D VRI[MainActivity]: handleWindowFocusChanged mWindowFocusChanged false mUpcomingWindowFocus true mAdded true
11-04 08:36:58.143 23642 23642 D VRI[MainActivity]: handleWindowFocusChanged mWindowFocusChanged false mUpcomingWindowFocus true mAdded true
11-04 08:36:58.152 23642 23642 D VRI[MainActivity]: handleWindowFocusChanged mWindowFocusChanged false mUpcomingWindowFocus true mAdded true
11-04 08:36:58.160 23642 23642 D VRI[MainActivity]: handleWindowFocusChanged mWindowFocusChanged false mUpcomingWindowFocus true mAdded true
11-04 08:36:58.169 23642 23642 D VRI[MainActivity]: handleWindowFocusChanged mWindowFocusChanged false mUpcomingWindowFocus true mAdded true
11-04 08:36:58.177 23642 23642 D VRI[MainActivity]: handleWindowFocusChanged mWindowFocusChanged false mUpcomingWindowFocus true mAdded true
11-04 08:36:58.185 23642 23642 D VRI[MainActivity]: handleWindowFocusChanged mWindowFocusChanged false mUpcomingWindowFocus true mAdded true
11-04 08:36:58.193 23642 23642 D VRI[MainActivity]: handleWindowFocusChanged mWindowFocusChanged false mUpcomingWindowFocus true mAdded true
11-04 08:36:58.202 23642 23642 D VRI[MainActivity]: handleWindowFocusChanged mWindowFocusChanged false mUpcomingWindowFocus true mAdded true
11-04 08:36:58.210 23642 23642 D VRI[MainActivity]: handleWindowFocusChanged mWindowFocusChanged false mUpcomingWindowFocus true mAdded true
11-04 08:36:58.218 23642 23642 D VRI[MainActivity]: handleWindowFocusChanged mWindowFocusChanged false mUpcomingWindowFocus true mAdded true
11-04 08:36:58.227 23642 23642 D VRI[MainActivity]: handleWindowFocusChanged mWindowFocusChanged false mUpcomingWindowFocus true mAdded true
11-04 08:36:58.235 23642 23642 D VRI[MainActivity]: handleWindowFocusChanged mWindowFocusChanged false mUpcomingWindowFocus true mAdded true
11-04 08:36:58.244 23642 23642 D VRI[MainActivity]: handleWindowFocusChanged mWindowFocusChanged false mUpcomingWindowFocus true mAdded true
11-04 08:36:58.252 23642 23642 D VRI[MainActivity]: handleWindowFocusChanged mWindowFocusChanged false mUpcomingWindowFocus true mAdded true
11-04 08:36:58.260 23642 23642 D VRI[MainActivity]: handleWindowFocusChanged mWindowFocusChanged false mUpcomingWindowFocus true mAdded true
11-04 08:36:58.269 23642 23642 D VRI[MainActivity]: handleWindowFocusChanged mWindowFocusChanged false mUpcomingWindowFocus true mAdded true
11-04 08:36:58.277 23642 23642 D VRI[MainActivity]: handleWindowFocusChanged mWindowFocusChanged false mUpcomingWindowFocus true mAdded true
11-04 08:36:58.285 23642 23642 D VRI[MainActivity]: handleWindowFocusChanged mWindowFocusChanged false mUpcomingWindowFocus true mAdded true
