11-04 08:37:32.089 23642 23642 D VRI[MainActivity]: handleWindowFocusChanged mWindowFocusChanged false mUpcomingWindowFocus true mAdded true
11-04 08:37:32.093 23642 23642 D VRI[MainActivity]: handleWindowFocusChanged mWindowFocusChanged false mUpcomingWindowFocus true mAdded true
11-04 08:37:32.687 23642 23642 D VRI[MainActivity]: handleWindowFocusChanged mWindowFocusChanged false mUpcomingWindowFocus true mAdded true
11-04 08:37:32.708 23642 23642 D VRI[MainActivity]: handleWindowFocusChanged mWindowFocusChanged false mUpcomingWindowFocus true mAdded true
11-04 08:37:32.766 23642 23642 D VRI[MainActivity]: handleWindowFocusChanged mWindowFocusChanged false mUpcomingWindowFocus true mAdded true
11-04 08:37:32.774 23642 23642 D VRI[MainActivity]: handleWindowFocusChanged mWindowFocusChanged false mUpcomingWindowFocus true mAdded true
11-04 08:37:32.782 23642 23642 D VRI[MainActivity]: handleWindowFocusChanged mWindowFocusChanged false mUpcomingWindowFocus true mAdded true
11-04 08:37:32.790 23642 23642 D VRI[MainActivity]: handleWindowFocusChanged mWindowFocusChanged false mUpcomingWindowFocus true mAdded true
11-04 08:37:32.799 23642 23642 D VRI[MainActivity]: handleWindowFocusChanged mWindowFocusChanged false mUpcomingWindowFocus true mAdded true
11-04 08:37:32.807 23642 23642 D VRI[MainActivity]: handleWindowFocusChanged mWindowFocusChanged false mUpcomingWindowFocus true mAdded true
11-04 08:37:32.815 23642 23642 D VRI[MainActivity]: handleWindowFocusChanged mWindowFocusChanged false mUpcomingWindowFocus true mAdded true
11-04 08:37:32.823 23642 23642 D VRI[MainActivity]: handleWindowFocusChanged mWindowFocusChanged false mUpcomingWindowFocus true mAdded true
11-04 08:37:32.831 23642 23642 D VRI[MainActivity]: handleWindowFocusChanged mWindowFocusChanged false mUpcomingWindowFocus true mAdded true
11-04 08:37:32.840 23642 23642 D VRI[MainActivity]: handleWindowFocusChanged mWindowFocusChanged false mUpcomingWindowFocus true mAdded true
11-04 08:37:32.848 23642 23642 D VRI[MainActivity]: handleWindowFocusChanged mWindowFocusChanged false mUpcomingWindowFocus true mAdded true
11-04 08:37:32.857 23642 23642 D VRI[MainActivity]: handleWindowFocusChanged mWindowFocusChanged false mUpcomingWindowFocus true mAdded true
11-04 08:37:32.861 23642 23642 D VRI[MainActivity]: handleWindowFocusChanged mWindowFocusChanged false mUpcomingWindowFocus true mAdded true
11-04 08:37:33.134 23642 23642 D VRI[MainActivity]: handleWindowFocusChanged mWindowFocusChanged false mUpcomingWindowFocus true mAdded true
11-04 08:37:33.148 23642 23642 D VRI[MainActivity]: handleWindowFocusChanged mWindowFocusChanged false mUpcomingWindowFocus true mAdded true
11-04 08:37:33.157 23642 23642 D VRI[MainActivity]: handleWindowFocusChanged mWindowFocusChanged false mUpcomingWindowFocus true mAdded true
11-04 08:37:33.165 23642 23642 D VRI[MainActivity]: handleWindowFocusChanged mWindowFocusChanged false mUpcomingWindowFocus true mAdded true
11-04 08:37:33.173 23642 23642 D VRI[MainActivity]: handleWindowFocusChanged mWindowFocusChanged false mUpcomingWindowFocus true mAdded true
11-04 08:37:33.181 23642 23642 D VRI[MainActivity]: handleWindowFocusChanged mWindowFocusChanged false mUpcomingWindowFocus true mAdded true
11-04 08:37:33.190 23642 23642 D VRI[MainActivity]: handleWindowFocusChanged mWindowFocusChanged false mUpcomingWindowFocus true mAdded true
11-04 08:37:33.198 23642 23642 D VRI[MainActivity]: handleWindowFocusChanged mWindowFocusChanged false mUpcomingWindowFocus true mAdded true
11-04 08:37:33.203 23642 23642 D VRI[MainActivity]: handleWindowFocusChanged mWindowFocusChanged false mUpcomingWindowFocus true mAdded true
11-04 08:37:33.375 23642 23642 D VRI[MainActivity]: handleWindowFocusChanged mWindowFocusChanged false mUpcomingWindowFocus true mAdded true
11-04 08:37:33.390 23642 23642 D VRI[MainActivity]: handleWindowFocusChanged mWindowFocusChanged false mUpcomingWindowFocus true mAdded true
11-04 08:37:33.615 23642 23642 D VRI[MainActivity]: handleWindowFocusChanged mWindowFocusChanged false mUpcomingWindowFocus true mAdded true
11-04 08:37:33.624 23642 23642 D VRI[MainActivity]: handleWindowFocusChanged mWindowFocusChanged false mUpcomingWindowFocus true mAdded true
11-04 08:37:33.699 23642 23642 D VRI[MainActivity]: handleWindowFocusChanged mWindowFocusChanged false mUpcomingWindowFocus true mAdded true
11-04 08:37:33.707 23642 23642 D VRI[MainActivity]: handleWindowFocusChanged mWindowFocusChanged false mUpcomingWindowFocus true mAdded true
11-04 08:37:33.720 23642 23642 D VRI[MainActivity]: handleWindowFocusChanged mWindowFocusChanged false mUpcomingWindowFocus true mAdded true
11-04 08:37:33.772 23642 23642 I Quality : Skipped: false 3 cost 32.838917 refreshRate 8340061 bit true processName org.moedog.ehviewer
11-04 08:37:34.385 23642 23642 D VRI[MainActivity]: handleWindowFocusChanged mWindowFocusChanged false mUpcomingWindowFocus true mAdded true
11-04 08:37:34.396 23642 23642 D VRI[MainActivity]: handleWindowFocusChanged mWindowFocusChanged false mUpcomingWindowFocus true mAdded true
11-04 08:37:34.407 23642 23642 D VRI[MainActivity]: handleWindowFocusChanged mWindowFocusChanged false mUpcomingWindowFocus true mAdded true
11-04 08:37:34.416 23642 23642 D VRI[MainActivity]: handleWindowFocusChanged mWindowFocusChanged false mUpcomingWindowFocus true mAdded true
11-04 08:37:34.426 23642 23642 D VRI[MainActivity]: handleWindowFocusChanged mWindowFocusChanged false mUpcomingWindowFocus true mAdded true
11-04 08:37:34.433 23642 23642 D VRI[MainActivity]: handleWindowFocusChanged mWindowFocusChanged false mUpcomingWindowFocus true mAdded true
11-04 08:37:34.445 23642 23642 D VRI[MainActivity]: handleWindowFocusChanged mWindowFocusChanged false mUpcomingWindowFocus true mAdded true
11-04 08:37:34.449 23642 23642 D VRI[MainActivity]: handleWindowFocusChanged mWindowFocusChanged false mUpcomingWindowFocus true mAdded true
11-04 08:37:34.457 23642 23642 D VRI[MainActivity]: handleWindowFocusChanged mWindowFocusChanged false mUpcomingWindowFocus true mAdded true
11-04 08:37:34.466 23642 23642 D VRI[MainActivity]: handleWindowFocusChanged mWindowFocusChanged false mUpcomingWindowFocus true mAdded true
11-04 08:37:34.474 23642 23642 D VRI[MainActivity]: handleWindowFocusChanged mWindowFocusChanged false mUpcomingWindowFocus true mAdded true
11-04 08:37:34.482 23642 23642 D VRI[MainActivity]: handleWindowFocusChanged mWindowFocusChanged false mUpcomingWindowFocus true mAdded true
11-04 08:37:34.484 23642 23642 D VRI[MainActivity]: handleWindowFocusChanged mWindowFocusChanged false mUpcomingWindowFocus true mAdded true
11-04 08:37:34.499 23642 27831 W moedog.ehviewer: Cleared Reference was only reachable from finalizer (only reported once)
11-04 08:37:34.506 23642 27847 D OpenGLRenderer: SkiaOpenGLPipeline::setSurface: this=0xb400007b5c1e2300, surface=NULL
11-04 08:37:34.812 23642 23642 W OnBackInvokedCallback: OnBackInvokedCallback is not enabled for the application.
11-04 08:37:34.812 23642 23642 W OnBackInvokedCallback: Set 'android:enableOnBackInvokedCallback="true"' in the application manifest.
11-04 08:37:34.960 23642 23642 D VRI[MainActivity]: handleWindowFocusChanged mWindowFocusChanged false mUpcomingWindowFocus true mAdded true
11-04 08:37:35.014 23642 23642 D VRI[MainActivity]: handleWindowFocusChanged mWindowFocusChanged false mUpcomingWindowFocus true mAdded true
11-04 08:37:35.021 23642 23642 D VRI[MainActivity]: handleWindowFocusChanged mWindowFocusChanged false mUpcomingWindowFocus true mAdded true
11-04 08:37:35.047 23642 23642 I Quality : Skipped: false 1 cost 15.332383 refreshRate 8336246 bit true processName org.moedog.ehviewer
11-04 08:37:35.061 23642 27871 D ColorModeChangeItem: preExecute mColorMode=0,token=android.os.BinderProxy@bc21cf3
11-04 08:37:35.065 23642 23642 I ConfigurationController: handleConfigurationChanged: true, config: {1.0 ??mcc??mnc [zh_CN] ldltr sw360dp w360dp h772dp 480dpi nrml long hdr widecg port finger -keyb/h/h -nav/h winConfig={ mBounds=Rect(0, 0 - 1080, 2412) mAppBounds=Rect(0, 96 - 1080, 2412) mMaxBounds=Rect(0, 0 - 1080, 2412) mDisplayRotation=ROTATION_0 mWindowingMode=fullscreen mDisplayWindowingMode=fullscreen mActivityType=undefined mAlwaysOnTop=undefined mRotation=ROTATION_0} s.175 fontWeightAdjustment=0mThemeChanged= 1, mThemeChangedFlags= 11, mFlipFont= 0, mAccessibleChanged= -1, mUxIconConfig= 3468918229168107792, mMaterialColor= 100004, mUserId= 0, mFontUserId= 0, mFontVariationSettings= 226, mFoldingAngle = -1.0, mIconPackName= , mDarkModeBackgroundMaxL= 8.0, mDarkModeDialogBgMaxL= 27.0, mDarkModeForegroundMinL= 100.0, mOplusConfigType= 1, mOplusChangedConfigs= 0, OpSans= 0, mBurmeseFontFlag= 2, mFlag= 0, mPuttDisplayFlag= -1} 
11-04 08:37:35.065 23642 23642 I ConfigurationController: , curconfig: {1.0 ??mcc??mnc [zh_CN] ldltr sw360dp w360dp h772dp 480dpi nrml long hdr widecg port finger -keyb/h/h -nav/h winConfig={ mBounds=Rect(0, 0 - 1080, 2412) mAppBounds=Rect(0, 96 - 1080, 2412) mMaxBounds=Rect(0, 0 - 1080, 2412) mDisplayRotation=ROTATION_0 mWindowingMode=fullscreen mDisplayWindowingMode=fullscreen mActivityType=undefined mAlwaysOnTop=undefined mRotation=ROTATION_0} s.175 fontWeightAdjustment=0mThemeChanged= 1, mThemeChangedFlags= 11, mFlipFont= 0, mAccessibleChanged= -1, mUxIconConfig= 3468918229168107792, mMaterialColor= 100004, mUserId= 0, mFontUserId= 0, mFontVariationSettings= 226, mFoldingAngle = -1.0, mIconPackName= , mDarkModeBackgroundMaxL= 8.0, mDarkModeDialogBgMaxL= 27.0, mDarkModeForegroundMinL= 100.0, mOplusConfigType= 1, mOplusChangedConfigs= 0, OpSans= 0, mBurmeseFontFlag= 2, mFlag= 0, mPuttDisplayFlag= -1} 
11-04 08:37:35.065 23642 23642 I ConfigurationController: android.app.ActivityThread.handleLaunchActivity:4003 android.app.servertransaction.LaunchActivityItem.execute:111 android.app.servertransaction.TransactionExecutor.executeCallbacks:135 android.app.servertransaction.TransactionExecutor.execute:95 android.app.ActivityThread$H.handleMessage:2474 android.os.Handler.dispatchMessage:106 android.os.Looper.loopOnce:240 android.os.Looper.loop:351 android.app.ActivityThread.main:8422 java.lang.reflect.Method.invoke:-2 
11-04 08:37:35.067 23642 23642 I AppCompatDelegate: The Activity's LayoutInflater already has a Factory installed so we can not install AppCompat's
11-04 08:37:35.074 23642 23642 I oplus.android.OplusFrameworkFactoryImpl: get feature:IOplusDynamicVsyncFeature
11-04 08:37:35.074 23642 23642 I oplus.android.OplusFrameworkFactoryImpl: get feature:IOplusDynamicVsyncFeature
11-04 08:37:35.074 23642 23642 I oplus.android.OplusFrameworkFactoryImpl: get feature:IOplusDynamicVsyncFeature
11-04 08:37:35.076 23642 23642 D WindowManager: Add to mViews: DecorView@bc7b37a[SettingsActivity],pkg= org.moedog.ehviewer
11-04 08:37:35.078 23642 23642 D InputEventReceiver: Input log is disabled
11-04 08:37:35.079 23642 23642 D VRI[MainActivity]: onFocusEvent false
11-04 08:37:35.079 23642 23642 D VRI[MainActivity]: send msg MSG_WINDOW_FOCUS_CHANGED with caller android.view.ViewRootImplExtImpl.markAndDumpWindowFocusChangeMsg:956 android.view.ViewRootImpl.windowFocusChanged:9837 android.view.ViewRootImpl$WindowInputEventReceiver.onFocusEvent:9550 android.os.MessageQueue.nativePollOnce:-2 android.os.MessageQueue.next:349 android.os.Looper.loopOnce:186 android.os.Looper.loop:351 android.app.ActivityThread.main:8422 java.lang.reflect.Method.invoke:-2 com.android.internal.os.RuntimeInit$MethodAndArgsCaller.run:584 com.android.internal.os.ZygoteInit.main:1013 <bottom of call stack> <bottom of call stack> <bottom of call stack> <bottom of call stack> <bottom of call stack> <bottom of call stack> <bottom of call stack> <bottom of call stack> <bottom of call stack> 
11-04 08:37:35.080 23642 23642 E OplusBracketLog: [OplusViewMirrorManager] updateHostViewRootIfNeeded, not support android.view.ViewRootImpl@18d8d46
11-04 08:37:35.086 23642 23642 D BufferQueueConsumer: [](id:5c5a00000002,api:0,p:-1,c:23642) connect: controlledByApp=false
11-04 08:37:35.087 23642 27847 D BufferQueueProducer: [VRI[SettingsActivity]#2(BLAST Consumer)2](id:5c5a00000002,api:1,p:23642,c:23642) connect: api=1 producerControlledByApp=true
11-04 08:37:35.094 23642 23642 D VRI[SettingsActivity]: registerCallbacksForSync syncBuffer=false
11-04 08:37:35.097 23642 27847 D VRI[SettingsActivity]: Received frameCommittedCallback lastAttemptedDrawFrameNum=1 didProduceBuffer=true syncBuffer=false
11-04 08:37:35.098 23642 27847 W Parcel  : Expecting binder but got null!
11-04 08:37:35.098 23642 23642 D VRI[SettingsActivity]: draw finished.
11-04 08:37:35.099 23642 23642 D VRI[MainActivity]: handleWindowFocusChanged mWindowFocusChanged true mUpcomingWindowFocus false mAdded true
11-04 08:37:35.100 23642 23642 I Quality : Skipped: false 2 cost 18.694885 refreshRate 8331556 bit true processName org.moedog.ehviewer
11-04 08:37:35.116 23642 23642 I Quality : Skipped: false 1 cost 9.775647 refreshRate 8331569 bit true processName org.moedog.ehviewer
11-04 08:37:35.118 23642 23642 D VRI[SettingsActivity]: registerCallbacksForSync syncBuffer=false
11-04 08:37:35.122 23642 27847 D VRI[SettingsActivity]: Received frameCommittedCallback lastAttemptedDrawFrameNum=3 didProduceBuffer=true syncBuffer=false
11-04 08:37:35.122 23642 23642 D VRI[SettingsActivity]: draw finished.
11-04 08:37:35.195 23642 23642 D VRI[SettingsActivity]: onFocusEvent true
11-04 08:37:35.195 23642 23642 D VRI[SettingsActivity]: send msg MSG_WINDOW_FOCUS_CHANGED with caller android.view.ViewRootImplExtImpl.markAndDumpWindowFocusChangeMsg:956 android.view.ViewRootImpl.windowFocusChanged:9837 android.view.ViewRootImpl$WindowInputEventReceiver.onFocusEvent:9550 android.os.MessageQueue.nativePollOnce:-2 android.os.MessageQueue.next:349 android.os.Looper.loopOnce:186 android.os.Looper.loop:351 android.app.ActivityThread.main:8422 java.lang.reflect.Method.invoke:-2 com.android.internal.os.RuntimeInit$MethodAndArgsCaller.run:584 com.android.internal.os.ZygoteInit.main:1013 <bottom of call stack> <bottom of call stack> <bottom of call stack> <bottom of call stack> <bottom of call stack> <bottom of call stack> <bottom of call stack> <bottom of call stack> <bottom of call stack> 
11-04 08:37:35.201 23642 23642 D VRI[SettingsActivity]: handleWindowFocusChanged mWindowFocusChanged true mUpcomingWindowFocus true mAdded true
11-04 08:37:35.578 23642 27871 D VRI[MainActivity]: dispatchAppVisibility visible:false
11-04 08:37:35.579 23642 23642 D OpenGLRenderer: RenderProxy::destroy: this=0xb400007ae01f1a00, mContext=0xb400007abe68d2c0
11-04 08:37:35.579 23642 27847 D OpenGLRenderer: SkiaOpenGLPipeline::setSurface: this=0xb400007b4e508c00, surface=NULL
11-04 08:37:35.581 23642 27847 D BufferQueueProducer: [VRI[MainActivity]#1(BLAST Consumer)1](id:5c5a00000001,api:1,p:23642,c:23642) disconnect: api 1
11-04 08:37:35.584 23642 23642 D BufferQueueConsumer: [VRI[MainActivity]#1(BLAST Consumer)1](id:5c5a00000001,api:0,p:-1,c:23642) disconnect
11-04 08:37:35.584 23642 23642 D VRI[MainActivity]: setWindowStopped stopped:true
11-04 08:37:35.757 23642 23642 D VRI[SettingsActivity]: handleWindowFocusChanged mWindowFocusChanged false mUpcomingWindowFocus true mAdded true
11-04 08:37:35.804 23642 23642 D VRI[SettingsActivity]: handleWindowFocusChanged mWindowFocusChanged false mUpcomingWindowFocus true mAdded true
11-04 08:37:35.811 23642 23642 D VRI[SettingsActivity]: handleWindowFocusChanged mWindowFocusChanged false mUpcomingWindowFocus true mAdded true
11-04 08:37:35.819 23642 23642 W OnBackInvokedCallback: OnBackInvokedCallback is not enabled for the application.
11-04 08:37:35.819 23642 23642 W OnBackInvokedCallback: Set 'android:enableOnBackInvokedCallback="true"' in the application manifest.
11-04 08:37:35.829 23642 23642 I oplus.android.OplusFrameworkFactoryImpl: get feature:IOplusDynamicVsyncFeature
11-04 08:37:35.829 23642 23642 I oplus.android.OplusFrameworkFactoryImpl: get feature:IOplusDynamicVsyncFeature
11-04 08:37:35.829 23642 23642 I oplus.android.OplusFrameworkFactoryImpl: get feature:IOplusDynamicVsyncFeature
11-04 08:37:35.831 23642 23642 I oplus.android.OplusFrameworkFactoryImpl: get feature:IOplusDynamicVsyncFeature
11-04 08:37:35.831 23642 23642 I oplus.android.OplusFrameworkFactoryImpl: get feature:IOplusDynamicVsyncFeature
11-04 08:37:35.831 23642 23642 I oplus.android.OplusFrameworkFactoryImpl: get feature:IOplusDynamicVsyncFeature
11-04 08:37:35.832 23642 23642 I oplus.android.OplusFrameworkFactoryImpl: get feature:IOplusDynamicVsyncFeature
11-04 08:37:35.832 23642 23642 I oplus.android.OplusFrameworkFactoryImpl: get feature:IOplusDynamicVsyncFeature
11-04 08:37:35.832 23642 23642 I oplus.android.OplusFrameworkFactoryImpl: get feature:IOplusDynamicVsyncFeature
11-04 08:37:35.835 23642 23642 I oplus.android.OplusFrameworkFactoryImpl: get feature:IOplusDynamicVsyncFeature
11-04 08:37:35.835 23642 23642 I oplus.android.OplusFrameworkFactoryImpl: get feature:IOplusDynamicVsyncFeature
11-04 08:37:35.835 23642 23642 I oplus.android.OplusFrameworkFactoryImpl: get feature:IOplusDynamicVsyncFeature
11-04 08:37:35.859 23642 23642 I Quality : Skipped: false 2 cost 19.668325 refreshRate 8329525 bit true processName org.moedog.ehviewer
11-04 08:37:36.102 23642 23642 D OplusScrollToTopManager: org.moedog.ehviewer/com.hippo.ehviewer.ui.MainActivity,This DecorView@bb4c355[MainActivity] change focus to false
11-04 08:37:36.202 23642 23642 D OplusScrollToTopManager: org.moedog.ehviewer/com.hippo.ehviewer.ui.SettingsActivity,This DecorView@bc7b37a[SettingsActivity] change focus to true
11-04 08:37:36.202 23642 23642 D VRI[SettingsActivity]: handleWindowFocusChanged mWindowFocusChanged false mUpcomingWindowFocus true mAdded true
11-04 08:37:36.223 23642 23642 D VRI[SettingsActivity]: handleWindowFocusChanged mWindowFocusChanged false mUpcomingWindowFocus true mAdded true
11-04 08:37:36.258 23642 23642 D VRI[SettingsActivity]: handleWindowFocusChanged mWindowFocusChanged false mUpcomingWindowFocus true mAdded true
11-04 08:37:36.266 23642 23642 D VRI[SettingsActivity]: handleWindowFocusChanged mWindowFocusChanged false mUpcomingWindowFocus true mAdded true
11-04 08:37:36.299 23642 23642 D VRI[SettingsActivity]: handleWindowFocusChanged mWindowFocusChanged false mUpcomingWindowFocus true mAdded true
11-04 08:37:36.307 23642 23642 D VRI[SettingsActivity]: handleWindowFocusChanged mWindowFocusChanged false mUpcomingWindowFocus true mAdded true
11-04 08:37:36.326 23642 23642 D VRI[SettingsActivity]: handleWindowFocusChanged mWindowFocusChanged false mUpcomingWindowFocus true mAdded true
11-04 08:37:36.333 23642 23642 D VRI[SettingsActivity]: handleWindowFocusChanged mWindowFocusChanged false mUpcomingWindowFocus true mAdded true
11-04 08:37:36.341 23642 23642 D VRI[SettingsActivity]: handleWindowFocusChanged mWindowFocusChanged false mUpcomingWindowFocus true mAdded true
11-04 08:37:36.349 23642 23642 D VRI[SettingsActivity]: handleWindowFocusChanged mWindowFocusChanged false mUpcomingWindowFocus true mAdded true
11-04 08:37:36.357 23642 23642 D VRI[SettingsActivity]: handleWindowFocusChanged mWindowFocusChanged false mUpcomingWindowFocus true mAdded true
11-04 08:37:36.365 23642 23642 D VRI[SettingsActivity]: handleWindowFocusChanged mWindowFocusChanged false mUpcomingWindowFocus true mAdded true
11-04 08:37:36.374 23642 23642 D VRI[SettingsActivity]: handleWindowFocusChanged mWindowFocusChanged false mUpcomingWindowFocus true mAdded true
11-04 08:37:36.382 23642 23642 D VRI[SettingsActivity]: handleWindowFocusChanged mWindowFocusChanged false mUpcomingWindowFocus true mAdded true
11-04 08:37:36.390 23642 23642 D VRI[SettingsActivity]: handleWindowFocusChanged mWindowFocusChanged false mUpcomingWindowFocus true mAdded true
11-04 08:37:36.399 23642 23642 D VRI[SettingsActivity]: handleWindowFocusChanged mWindowFocusChanged false mUpcomingWindowFocus true mAdded true
11-04 08:37:36.407 23642 23642 D VRI[SettingsActivity]: handleWindowFocusChanged mWindowFocusChanged false mUpcomingWindowFocus true mAdded true
11-04 08:37:36.416 23642 23642 D VRI[SettingsActivity]: handleWindowFocusChanged mWindowFocusChanged false mUpcomingWindowFocus true mAdded true
11-04 08:37:36.424 23642 23642 D VRI[SettingsActivity]: handleWindowFocusChanged mWindowFocusChanged false mUpcomingWindowFocus true mAdded true
11-04 08:37:36.432 23642 23642 D VRI[SettingsActivity]: handleWindowFocusChanged mWindowFocusChanged false mUpcomingWindowFocus true mAdded true
11-04 08:37:36.442 23642 23642 D VRI[SettingsActivity]: handleWindowFocusChanged mWindowFocusChanged false mUpcomingWindowFocus true mAdded true
11-04 08:37:36.449 23642 23642 D VRI[SettingsActivity]: handleWindowFocusChanged mWindowFocusChanged false mUpcomingWindowFocus true mAdded true
11-04 08:37:36.457 23642 23642 D VRI[SettingsActivity]: handleWindowFocusChanged mWindowFocusChanged false mUpcomingWindowFocus true mAdded true
11-04 08:37:36.465 23642 23642 D VRI[SettingsActivity]: handleWindowFocusChanged mWindowFocusChanged false mUpcomingWindowFocus true mAdded true
11-04 08:37:36.474 23642 23642 D VRI[SettingsActivity]: handleWindowFocusChanged mWindowFocusChanged false mUpcomingWindowFocus true mAdded true
11-04 08:37:36.483 23642 23642 D VRI[SettingsActivity]: handleWindowFocusChanged mWindowFocusChanged false mUpcomingWindowFocus true mAdded true
11-04 08:37:36.491 23642 23642 D VRI[SettingsActivity]: handleWindowFocusChanged mWindowFocusChanged false mUpcomingWindowFocus true mAdded true
11-04 08:37:36.499 23642 23642 D VRI[SettingsActivity]: handleWindowFocusChanged mWindowFocusChanged false mUpcomingWindowFocus true mAdded true
11-04 08:37:36.507 23642 23642 D VRI[SettingsActivity]: handleWindowFocusChanged mWindowFocusChanged false mUpcomingWindowFocus true mAdded true
11-04 08:37:36.515 23642 23642 D VRI[SettingsActivity]: handleWindowFocusChanged mWindowFocusChanged false mUpcomingWindowFocus true mAdded true
11-04 08:37:36.524 23642 23642 D VRI[SettingsActivity]: handleWindowFocusChanged mWindowFocusChanged false mUpcomingWindowFocus true mAdded true
11-04 08:37:36.532 23642 23642 D VRI[SettingsActivity]: handleWindowFocusChanged mWindowFocusChanged false mUpcomingWindowFocus true mAdded true
11-04 08:37:36.549 23642 23642 D VRI[SettingsActivity]: handleWindowFocusChanged mWindowFocusChanged false mUpcomingWindowFocus true mAdded true
11-04 08:37:36.557 23642 23642 D VRI[SettingsActivity]: handleWindowFocusChanged mWindowFocusChanged false mUpcomingWindowFocus true mAdded true
11-04 08:37:36.558 23642 23642 D VRI[SettingsActivity]: handleWindowFocusChanged mWindowFocusChanged false mUpcomingWindowFocus true mAdded true
11-04 08:37:37.554 23642 23642 D VRI[SettingsActivity]: handleWindowFocusChanged mWindowFocusChanged false mUpcomingWindowFocus true mAdded true
11-04 08:37:37.565 23642 23642 D VRI[SettingsActivity]: handleWindowFocusChanged mWindowFocusChanged false mUpcomingWindowFocus true mAdded true
11-04 08:37:37.609 23642 23642 D VRI[SettingsActivity]: handleWindowFocusChanged mWindowFocusChanged false mUpcomingWindowFocus true mAdded true
11-04 08:37:37.623 23642 23642 D VRI[SettingsActivity]: handleWindowFocusChanged mWindowFocusChanged false mUpcomingWindowFocus true mAdded true
11-04 08:37:37.661 23642 23642 I Quality : Skipped: false 3 cost 29.526976 refreshRate 8336881 bit true processName org.moedog.ehviewer
11-04 08:37:37.675 23642 23642 D VRI[SettingsActivity]: onFocusEvent false
11-04 08:37:37.675 23642 23642 D VRI[SettingsActivity]: send msg MSG_WINDOW_FOCUS_CHANGED with caller android.view.ViewRootImplExtImpl.markAndDumpWindowFocusChangeMsg:956 android.view.ViewRootImpl.windowFocusChanged:9837 android.view.ViewRootImpl$WindowInputEventReceiver.onFocusEvent:9550 android.os.MessageQueue.nativePollOnce:-2 android.os.MessageQueue.next:349 android.os.Looper.loopOnce:186 android.os.Looper.loop:351 android.app.ActivityThread.main:8422 java.lang.reflect.Method.invoke:-2 com.android.internal.os.RuntimeInit$MethodAndArgsCaller.run:584 com.android.internal.os.ZygoteInit.main:1013 <bottom of call stack> <bottom of call stack> <bottom of call stack> <bottom of call stack> <bottom of call stack> <bottom of call stack> <bottom of call stack> <bottom of call stack> <bottom of call stack> 
11-04 08:37:37.675 23642 23642 D VRI[SettingsActivity]: handleWindowFocusChanged mWindowFocusChanged true mUpcomingWindowFocus false mAdded true
11-04 08:37:37.845 23642 27835 D VRI[SettingsActivity]: dispatchAppVisibility visible:false
11-04 08:37:37.852 23642 23642 D OpenGLRenderer: RenderProxy::destroy: this=0xb400007b6c1d7600, mContext=0xb400007ad94fa100
11-04 08:37:37.852 23642 27847 D OpenGLRenderer: SkiaOpenGLPipeline::setSurface: this=0xb400007b37ee8400, surface=NULL
11-04 08:37:37.852 23642 27847 D BufferQueueProducer: [VRI[SettingsActivity]#2(BLAST Consumer)2](id:5c5a00000002,api:1,p:23642,c:23642) disconnect: api 1
11-04 08:37:37.853 23642 27847 D OpenGLRenderer: endAllActiveAnimators on 0xb400007abb9c8200 (RippleDrawable) with handle 0xb400007ac8beafa0
11-04 08:37:37.865 23642 27835 D BufferQueueConsumer: [VRI[SettingsActivity]#2(BLAST Consumer)2](id:5c5a00000002,api:0,p:-1,c:23642) disconnect
11-04 08:37:37.910 23642 23642 D VRI[SettingsActivity]: setWindowStopped stopped:true
11-04 08:37:38.676 23642 23642 D OplusScrollToTopManager: org.moedog.ehviewer/com.hippo.ehviewer.ui.SettingsActivity,This DecorView@bc7b37a[SettingsActivity] change focus to false
11-04 08:37:40.042 23642 27871 D VRI[SettingsActivity]: dispatchAppVisibility visible:true
11-04 08:37:40.046 23642 27871 D ColorModeChangeItem: preExecute mColorMode=0,token=android.os.BinderProxy@bc21cf3
11-04 08:37:40.048 23642 23642 D CompatibilityChangeReporter: Compat change id reported: 78294732; UID 10499; state: ENABLED
11-04 08:37:40.048 23642 23642 D VRI[SettingsActivity]: setWindowStopped stopped:false
11-04 08:37:40.053 23642 23642 W OnBackInvokedCallback: OnBackInvokedCallback is not enabled for the application.
11-04 08:37:40.053 23642 23642 W OnBackInvokedCallback: Set 'android:enableOnBackInvokedCallback="true"' in the application manifest.
